CRITICAL - 2025-12-03 03:14:38 --> Undefined index: email
#0 /var/www/html/faleconosco/app/Controllers/Home.php(17): CodeIgniter\Debug\Exceptions->errorHandler()
#1 /var/www/html/faleconosco/system/CodeIgniter.php(832): App\Controllers\Home->index()
#2 /var/www/html/faleconosco/system/CodeIgniter.php(419): CodeIgniter\CodeIgniter->runController()
#3 /var/www/html/faleconosco/system/CodeIgniter.php(326): CodeIgniter\CodeIgniter->handleRequest()
#4 /var/www/html/faleconosco/public/index.php(37): CodeIgniter\CodeIgniter->run()
#5 {main}
CRITICAL - 2025-12-03 03:14:50 --> Undefined index: email
#0 /var/www/html/faleconosco/app/Controllers/Home.php(17): CodeIgniter\Debug\Exceptions->errorHandler()
#1 /var/www/html/faleconosco/system/CodeIgniter.php(832): App\Controllers\Home->index()
#2 /var/www/html/faleconosco/system/CodeIgniter.php(419): CodeIgniter\CodeIgniter->runController()
#3 /var/www/html/faleconosco/system/CodeIgniter.php(326): CodeIgniter\CodeIgniter->handleRequest()
#4 /var/www/html/faleconosco/public/index.php(37): CodeIgniter\CodeIgniter->run()
#5 {main}
CRITICAL - 2025-12-03 04:04:31 --> Undefined index: email
#0 /var/www/html/faleconosco/app/Controllers/Home.php(17): CodeIgniter\Debug\Exceptions->errorHandler()
#1 /var/www/html/faleconosco/system/CodeIgniter.php(832): App\Controllers\Home->index()
#2 /var/www/html/faleconosco/system/CodeIgniter.php(419): CodeIgniter\CodeIgniter->runController()
#3 /var/www/html/faleconosco/system/CodeIgniter.php(326): CodeIgniter\CodeIgniter->handleRequest()
#4 /var/www/html/faleconosco/public/index.php(37): CodeIgniter\CodeIgniter->run()
#5 {main}
CRITICAL - 2025-12-03 04:19:59 --> Undefined index: email
#0 /var/www/html/faleconosco/app/Controllers/Home.php(17): CodeIgniter\Debug\Exceptions->errorHandler()
#1 /var/www/html/faleconosco/system/CodeIgniter.php(832): App\Controllers\Home->index()
#2 /var/www/html/faleconosco/system/CodeIgniter.php(419): CodeIgniter\CodeIgniter->runController()
#3 /var/www/html/faleconosco/system/CodeIgniter.php(326): CodeIgniter\CodeIgniter->handleRequest()
#4 /var/www/html/faleconosco/public/index.php(37): CodeIgniter\CodeIgniter->run()
#5 {main}
CRITICAL - 2025-12-03 04:22:47 --> Undefined index: email
#0 /var/www/html/faleconosco/app/Controllers/Home.php(17): CodeIgniter\Debug\Exceptions->errorHandler()
#1 /var/www/html/faleconosco/system/CodeIgniter.php(832): App\Controllers\Home->index()
#2 /var/www/html/faleconosco/system/CodeIgniter.php(419): CodeIgniter\CodeIgniter->runController()
#3 /var/www/html/faleconosco/system/CodeIgniter.php(326): CodeIgniter\CodeIgniter->handleRequest()
#4 /var/www/html/faleconosco/public/index.php(37): CodeIgniter\CodeIgniter->run()
#5 {main}
CRITICAL - 2025-12-03 04:27:49 --> Undefined index: email
#0 /var/www/html/faleconosco/app/Controllers/Home.php(17): CodeIgniter\Debug\Exceptions->errorHandler()
#1 /var/www/html/faleconosco/system/CodeIgniter.php(832): App\Controllers\Home->index()
#2 /var/www/html/faleconosco/system/CodeIgniter.php(419): CodeIgniter\CodeIgniter->runController()
#3 /var/www/html/faleconosco/system/CodeIgniter.php(326): CodeIgniter\CodeIgniter->handleRequest()
#4 /var/www/html/faleconosco/public/index.php(37): CodeIgniter\CodeIgniter->run()
#5 {main}
CRITICAL - 2025-12-03 04:28:09 --> Undefined index: email
#0 /var/www/html/faleconosco/app/Controllers/Home.php(17): CodeIgniter\Debug\Exceptions->errorHandler()
#1 /var/www/html/faleconosco/system/CodeIgniter.php(832): App\Controllers\Home->index()
#2 /var/www/html/faleconosco/system/CodeIgniter.php(419): CodeIgniter\CodeIgniter->runController()
#3 /var/www/html/faleconosco/system/CodeIgniter.php(326): CodeIgniter\CodeIgniter->handleRequest()
#4 /var/www/html/faleconosco/public/index.php(37): CodeIgniter\CodeIgniter->run()
#5 {main}
CRITICAL - 2025-12-03 04:28:16 --> Undefined index: email
#0 /var/www/html/faleconosco/app/Controllers/Home.php(17): CodeIgniter\Debug\Exceptions->errorHandler()
#1 /var/www/html/faleconosco/system/CodeIgniter.php(832): App\Controllers\Home->index()
#2 /var/www/html/faleconosco/system/CodeIgniter.php(419): CodeIgniter\CodeIgniter->runController()
#3 /var/www/html/faleconosco/system/CodeIgniter.php(326): CodeIgniter\CodeIgniter->handleRequest()
#4 /var/www/html/faleconosco/public/index.php(37): CodeIgniter\CodeIgniter->run()
#5 {main}
CRITICAL - 2025-12-03 04:31:20 --> Undefined index: email
#0 /var/www/html/faleconosco/app/Controllers/Home.php(17): CodeIgniter\Debug\Exceptions->errorHandler()
#1 /var/www/html/faleconosco/system/CodeIgniter.php(832): App\Controllers\Home->index()
#2 /var/www/html/faleconosco/system/CodeIgniter.php(419): CodeIgniter\CodeIgniter->runController()
#3 /var/www/html/faleconosco/system/CodeIgniter.php(326): CodeIgniter\CodeIgniter->handleRequest()
#4 /var/www/html/faleconosco/public/index.php(37): CodeIgniter\CodeIgniter->run()
#5 {main}
CRITICAL - 2025-12-03 04:31:26 --> Undefined index: email
#0 /var/www/html/faleconosco/app/Controllers/Home.php(17): CodeIgniter\Debug\Exceptions->errorHandler()
#1 /var/www/html/faleconosco/system/CodeIgniter.php(832): App\Controllers\Home->index()
#2 /var/www/html/faleconosco/system/CodeIgniter.php(419): CodeIgniter\CodeIgniter->runController()
#3 /var/www/html/faleconosco/system/CodeIgniter.php(326): CodeIgniter\CodeIgniter->handleRequest()
#4 /var/www/html/faleconosco/public/index.php(37): CodeIgniter\CodeIgniter->run()
#5 {main}
CRITICAL - 2025-12-03 04:46:08 --> Undefined index: email
#0 /var/www/html/faleconosco/app/Controllers/Home.php(17): CodeIgniter\Debug\Exceptions->errorHandler()
#1 /var/www/html/faleconosco/system/CodeIgniter.php(832): App\Controllers\Home->index()
#2 /var/www/html/faleconosco/system/CodeIgniter.php(419): CodeIgniter\CodeIgniter->runController()
#3 /var/www/html/faleconosco/system/CodeIgniter.php(326): CodeIgniter\CodeIgniter->handleRequest()
#4 /var/www/html/faleconosco/public/index.php(37): CodeIgniter\CodeIgniter->run()
#5 {main}
CRITICAL - 2025-12-03 04:55:59 --> Undefined index: email
#0 /var/www/html/faleconosco/app/Controllers/Home.php(17): CodeIgniter\Debug\Exceptions->errorHandler()
#1 /var/www/html/faleconosco/system/CodeIgniter.php(832): App\Controllers\Home->index()
#2 /var/www/html/faleconosco/system/CodeIgniter.php(419): CodeIgniter\CodeIgniter->runController()
#3 /var/www/html/faleconosco/system/CodeIgniter.php(326): CodeIgniter\CodeIgniter->handleRequest()
#4 /var/www/html/faleconosco/public/index.php(37): CodeIgniter\CodeIgniter->run()
#5 {main}
CRITICAL - 2025-12-03 05:01:13 --> Undefined index: email
#0 /var/www/html/faleconosco/app/Controllers/Home.php(17): CodeIgniter\Debug\Exceptions->errorHandler()
#1 /var/www/html/faleconosco/system/CodeIgniter.php(832): App\Controllers\Home->index()
#2 /var/www/html/faleconosco/system/CodeIgniter.php(419): CodeIgniter\CodeIgniter->runController()
#3 /var/www/html/faleconosco/system/CodeIgniter.php(326): CodeIgniter\CodeIgniter->handleRequest()
#4 /var/www/html/faleconosco/public/index.php(37): CodeIgniter\CodeIgniter->run()
#5 {main}
CRITICAL - 2025-12-03 05:01:18 --> Undefined index: email
#0 /var/www/html/faleconosco/app/Controllers/Home.php(17): CodeIgniter\Debug\Exceptions->errorHandler()
#1 /var/www/html/faleconosco/system/CodeIgniter.php(832): App\Controllers\Home->index()
#2 /var/www/html/faleconosco/system/CodeIgniter.php(419): CodeIgniter\CodeIgniter->runController()
#3 /var/www/html/faleconosco/system/CodeIgniter.php(326): CodeIgniter\CodeIgniter->handleRequest()
#4 /var/www/html/faleconosco/public/index.php(37): CodeIgniter\CodeIgniter->run()
#5 {main}
CRITICAL - 2025-12-03 05:09:39 --> Undefined index: email
#0 /var/www/html/faleconosco/app/Controllers/Home.php(17): CodeIgniter\Debug\Exceptions->errorHandler()
#1 /var/www/html/faleconosco/system/CodeIgniter.php(832): App\Controllers\Home->index()
#2 /var/www/html/faleconosco/system/CodeIgniter.php(419): CodeIgniter\CodeIgniter->runController()
#3 /var/www/html/faleconosco/system/CodeIgniter.php(326): CodeIgniter\CodeIgniter->handleRequest()
#4 /var/www/html/faleconosco/public/index.php(37): CodeIgniter\CodeIgniter->run()
#5 {main}
CRITICAL - 2025-12-03 05:09:43 --> Undefined index: email
#0 /var/www/html/faleconosco/app/Controllers/Home.php(17): CodeIgniter\Debug\Exceptions->errorHandler()
#1 /var/www/html/faleconosco/system/CodeIgniter.php(832): App\Controllers\Home->index()
#2 /var/www/html/faleconosco/system/CodeIgniter.php(419): CodeIgniter\CodeIgniter->runController()
#3 /var/www/html/faleconosco/system/CodeIgniter.php(326): CodeIgniter\CodeIgniter->handleRequest()
#4 /var/www/html/faleconosco/public/index.php(37): CodeIgniter\CodeIgniter->run()
#5 {main}
CRITICAL - 2025-12-03 05:09:45 --> Undefined index: email
#0 /var/www/html/faleconosco/app/Controllers/Home.php(17): CodeIgniter\Debug\Exceptions->errorHandler()
#1 /var/www/html/faleconosco/system/CodeIgniter.php(832): App\Controllers\Home->index()
#2 /var/www/html/faleconosco/system/CodeIgniter.php(419): CodeIgniter\CodeIgniter->runController()
#3 /var/www/html/faleconosco/system/CodeIgniter.php(326): CodeIgniter\CodeIgniter->handleRequest()
#4 /var/www/html/faleconosco/public/index.php(37): CodeIgniter\CodeIgniter->run()
#5 {main}
CRITICAL - 2025-12-03 05:37:25 --> Undefined index: email
#0 /var/www/html/faleconosco/app/Controllers/Home.php(17): CodeIgniter\Debug\Exceptions->errorHandler()
#1 /var/www/html/faleconosco/system/CodeIgniter.php(832): App\Controllers\Home->index()
#2 /var/www/html/faleconosco/system/CodeIgniter.php(419): CodeIgniter\CodeIgniter->runController()
#3 /var/www/html/faleconosco/system/CodeIgniter.php(326): CodeIgniter\CodeIgniter->handleRequest()
#4 /var/www/html/faleconosco/public/index.php(37): CodeIgniter\CodeIgniter->run()
#5 {main}
CRITICAL - 2025-12-03 05:39:29 --> Undefined index: email
#0 /var/www/html/faleconosco/app/Controllers/Home.php(17): CodeIgniter\Debug\Exceptions->errorHandler()
#1 /var/www/html/faleconosco/system/CodeIgniter.php(832): App\Controllers\Home->index()
#2 /var/www/html/faleconosco/system/CodeIgniter.php(419): CodeIgniter\CodeIgniter->runController()
#3 /var/www/html/faleconosco/system/CodeIgniter.php(326): CodeIgniter\CodeIgniter->handleRequest()
#4 /var/www/html/faleconosco/public/index.php(37): CodeIgniter\CodeIgniter->run()
#5 {main}
CRITICAL - 2025-12-03 05:43:58 --> Undefined index: email
#0 /var/www/html/faleconosco/app/Controllers/Home.php(17): CodeIgniter\Debug\Exceptions->errorHandler()
#1 /var/www/html/faleconosco/system/CodeIgniter.php(832): App\Controllers\Home->index()
#2 /var/www/html/faleconosco/system/CodeIgniter.php(419): CodeIgniter\CodeIgniter->runController()
#3 /var/www/html/faleconosco/system/CodeIgniter.php(326): CodeIgniter\CodeIgniter->handleRequest()
#4 /var/www/html/faleconosco/public/index.php(37): CodeIgniter\CodeIgniter->run()
#5 {main}
CRITICAL - 2025-12-03 05:50:57 --> Undefined index: email
#0 /var/www/html/faleconosco/app/Controllers/Home.php(17): CodeIgniter\Debug\Exceptions->errorHandler()
#1 /var/www/html/faleconosco/system/CodeIgniter.php(832): App\Controllers\Home->index()
#2 /var/www/html/faleconosco/system/CodeIgniter.php(419): CodeIgniter\CodeIgniter->runController()
#3 /var/www/html/faleconosco/system/CodeIgniter.php(326): CodeIgniter\CodeIgniter->handleRequest()
#4 /var/www/html/faleconosco/public/index.php(37): CodeIgniter\CodeIgniter->run()
#5 {main}
CRITICAL - 2025-12-03 06:07:14 --> Undefined index: email
#0 /var/www/html/faleconosco/app/Controllers/Home.php(17): CodeIgniter\Debug\Exceptions->errorHandler()
#1 /var/www/html/faleconosco/system/CodeIgniter.php(832): App\Controllers\Home->index()
#2 /var/www/html/faleconosco/system/CodeIgniter.php(419): CodeIgniter\CodeIgniter->runController()
#3 /var/www/html/faleconosco/system/CodeIgniter.php(326): CodeIgniter\CodeIgniter->handleRequest()
#4 /var/www/html/faleconosco/public/index.php(37): CodeIgniter\CodeIgniter->run()
#5 {main}
CRITICAL - 2025-12-03 06:19:24 --> Undefined index: email
#0 /var/www/html/faleconosco/app/Controllers/Home.php(17): CodeIgniter\Debug\Exceptions->errorHandler()
#1 /var/www/html/faleconosco/system/CodeIgniter.php(832): App\Controllers\Home->index()
#2 /var/www/html/faleconosco/system/CodeIgniter.php(419): CodeIgniter\CodeIgniter->runController()
#3 /var/www/html/faleconosco/system/CodeIgniter.php(326): CodeIgniter\CodeIgniter->handleRequest()
#4 /var/www/html/faleconosco/public/index.php(37): CodeIgniter\CodeIgniter->run()
#5 {main}
CRITICAL - 2025-12-03 06:19:54 --> Undefined index: email
#0 /var/www/html/faleconosco/app/Controllers/Home.php(17): CodeIgniter\Debug\Exceptions->errorHandler()
#1 /var/www/html/faleconosco/system/CodeIgniter.php(832): App\Controllers\Home->index()
#2 /var/www/html/faleconosco/system/CodeIgniter.php(419): CodeIgniter\CodeIgniter->runController()
#3 /var/www/html/faleconosco/system/CodeIgniter.php(326): CodeIgniter\CodeIgniter->handleRequest()
#4 /var/www/html/faleconosco/public/index.php(37): CodeIgniter\CodeIgniter->run()
#5 {main}
CRITICAL - 2025-12-03 06:22:41 --> Undefined index: email
#0 /var/www/html/faleconosco/app/Controllers/Home.php(17): CodeIgniter\Debug\Exceptions->errorHandler()
#1 /var/www/html/faleconosco/system/CodeIgniter.php(832): App\Controllers\Home->index()
#2 /var/www/html/faleconosco/system/CodeIgniter.php(419): CodeIgniter\CodeIgniter->runController()
#3 /var/www/html/faleconosco/system/CodeIgniter.php(326): CodeIgniter\CodeIgniter->handleRequest()
#4 /var/www/html/faleconosco/public/index.php(37): CodeIgniter\CodeIgniter->run()
#5 {main}
CRITICAL - 2025-12-03 06:22:56 --> Undefined index: email
#0 /var/www/html/faleconosco/app/Controllers/Home.php(17): CodeIgniter\Debug\Exceptions->errorHandler()
#1 /var/www/html/faleconosco/system/CodeIgniter.php(832): App\Controllers\Home->index()
#2 /var/www/html/faleconosco/system/CodeIgniter.php(419): CodeIgniter\CodeIgniter->runController()
#3 /var/www/html/faleconosco/system/CodeIgniter.php(326): CodeIgniter\CodeIgniter->handleRequest()
#4 /var/www/html/faleconosco/public/index.php(37): CodeIgniter\CodeIgniter->run()
#5 {main}
CRITICAL - 2025-12-03 06:23:02 --> Undefined index: email
#0 /var/www/html/faleconosco/app/Controllers/Home.php(17): CodeIgniter\Debug\Exceptions->errorHandler()
#1 /var/www/html/faleconosco/system/CodeIgniter.php(832): App\Controllers\Home->index()
#2 /var/www/html/faleconosco/system/CodeIgniter.php(419): CodeIgniter\CodeIgniter->runController()
#3 /var/www/html/faleconosco/system/CodeIgniter.php(326): CodeIgniter\CodeIgniter->handleRequest()
#4 /var/www/html/faleconosco/public/index.php(37): CodeIgniter\CodeIgniter->run()
#5 {main}
CRITICAL - 2025-12-03 06:41:43 --> Undefined index: email
#0 /var/www/html/faleconosco/app/Controllers/Home.php(17): CodeIgniter\Debug\Exceptions->errorHandler()
#1 /var/www/html/faleconosco/system/CodeIgniter.php(832): App\Controllers\Home->index()
#2 /var/www/html/faleconosco/system/CodeIgniter.php(419): CodeIgniter\CodeIgniter->runController()
#3 /var/www/html/faleconosco/system/CodeIgniter.php(326): CodeIgniter\CodeIgniter->handleRequest()
#4 /var/www/html/faleconosco/public/index.php(37): CodeIgniter\CodeIgniter->run()
#5 {main}
CRITICAL - 2025-12-03 07:04:51 --> Undefined index: email
#0 /var/www/html/faleconosco/app/Controllers/Home.php(17): CodeIgniter\Debug\Exceptions->errorHandler()
#1 /var/www/html/faleconosco/system/CodeIgniter.php(832): App\Controllers\Home->index()
#2 /var/www/html/faleconosco/system/CodeIgniter.php(419): CodeIgniter\CodeIgniter->runController()
#3 /var/www/html/faleconosco/system/CodeIgniter.php(326): CodeIgniter\CodeIgniter->handleRequest()
#4 /var/www/html/faleconosco/public/index.php(37): CodeIgniter\CodeIgniter->run()
#5 {main}
CRITICAL - 2025-12-03 07:06:41 --> Undefined index: email
#0 /var/www/html/faleconosco/app/Controllers/Home.php(17): CodeIgniter\Debug\Exceptions->errorHandler()
#1 /var/www/html/faleconosco/system/CodeIgniter.php(832): App\Controllers\Home->index()
#2 /var/www/html/faleconosco/system/CodeIgniter.php(419): CodeIgniter\CodeIgniter->runController()
#3 /var/www/html/faleconosco/system/CodeIgniter.php(326): CodeIgniter\CodeIgniter->handleRequest()
#4 /var/www/html/faleconosco/public/index.php(37): CodeIgniter\CodeIgniter->run()
#5 {main}
CRITICAL - 2025-12-03 07:11:22 --> Undefined index: email
#0 /var/www/html/faleconosco/app/Controllers/Home.php(17): CodeIgniter\Debug\Exceptions->errorHandler()
#1 /var/www/html/faleconosco/system/CodeIgniter.php(832): App\Controllers\Home->index()
#2 /var/www/html/faleconosco/system/CodeIgniter.php(419): CodeIgniter\CodeIgniter->runController()
#3 /var/www/html/faleconosco/system/CodeIgniter.php(326): CodeIgniter\CodeIgniter->handleRequest()
#4 /var/www/html/faleconosco/public/index.php(37): CodeIgniter\CodeIgniter->run()
#5 {main}
CRITICAL - 2025-12-03 07:18:21 --> Undefined index: email
#0 /var/www/html/faleconosco/app/Controllers/Home.php(17): CodeIgniter\Debug\Exceptions->errorHandler()
#1 /var/www/html/faleconosco/system/CodeIgniter.php(832): App\Controllers\Home->index()
#2 /var/www/html/faleconosco/system/CodeIgniter.php(419): CodeIgniter\CodeIgniter->runController()
#3 /var/www/html/faleconosco/system/CodeIgniter.php(326): CodeIgniter\CodeIgniter->handleRequest()
#4 /var/www/html/faleconosco/public/index.php(37): CodeIgniter\CodeIgniter->run()
#5 {main}
CRITICAL - 2025-12-03 07:18:50 --> Undefined index: email
#0 /var/www/html/faleconosco/app/Controllers/Home.php(17): CodeIgniter\Debug\Exceptions->errorHandler()
#1 /var/www/html/faleconosco/system/CodeIgniter.php(832): App\Controllers\Home->index()
#2 /var/www/html/faleconosco/system/CodeIgniter.php(419): CodeIgniter\CodeIgniter->runController()
#3 /var/www/html/faleconosco/system/CodeIgniter.php(326): CodeIgniter\CodeIgniter->handleRequest()
#4 /var/www/html/faleconosco/public/index.php(37): CodeIgniter\CodeIgniter->run()
#5 {main}
CRITICAL - 2025-12-03 07:25:19 --> Undefined index: email
#0 /var/www/html/faleconosco/app/Controllers/Home.php(17): CodeIgniter\Debug\Exceptions->errorHandler()
#1 /var/www/html/faleconosco/system/CodeIgniter.php(832): App\Controllers\Home->index()
#2 /var/www/html/faleconosco/system/CodeIgniter.php(419): CodeIgniter\CodeIgniter->runController()
#3 /var/www/html/faleconosco/system/CodeIgniter.php(326): CodeIgniter\CodeIgniter->handleRequest()
#4 /var/www/html/faleconosco/public/index.php(37): CodeIgniter\CodeIgniter->run()
#5 {main}
CRITICAL - 2025-12-03 07:26:00 --> Undefined index: email
#0 /var/www/html/faleconosco/app/Controllers/Home.php(17): CodeIgniter\Debug\Exceptions->errorHandler()
#1 /var/www/html/faleconosco/system/CodeIgniter.php(832): App\Controllers\Home->index()
#2 /var/www/html/faleconosco/system/CodeIgniter.php(419): CodeIgniter\CodeIgniter->runController()
#3 /var/www/html/faleconosco/system/CodeIgniter.php(326): CodeIgniter\CodeIgniter->handleRequest()
#4 /var/www/html/faleconosco/public/index.php(37): CodeIgniter\CodeIgniter->run()
#5 {main}
CRITICAL - 2025-12-03 07:37:46 --> Undefined index: email
#0 /var/www/html/faleconosco/app/Controllers/Home.php(17): CodeIgniter\Debug\Exceptions->errorHandler()
#1 /var/www/html/faleconosco/system/CodeIgniter.php(832): App\Controllers\Home->index()
#2 /var/www/html/faleconosco/system/CodeIgniter.php(419): CodeIgniter\CodeIgniter->runController()
#3 /var/www/html/faleconosco/system/CodeIgniter.php(326): CodeIgniter\CodeIgniter->handleRequest()
#4 /var/www/html/faleconosco/public/index.php(37): CodeIgniter\CodeIgniter->run()
#5 {main}
CRITICAL - 2025-12-03 07:58:06 --> Undefined index: email
#0 /var/www/html/faleconosco/app/Controllers/Home.php(17): CodeIgniter\Debug\Exceptions->errorHandler()
#1 /var/www/html/faleconosco/system/CodeIgniter.php(832): App\Controllers\Home->index()
#2 /var/www/html/faleconosco/system/CodeIgniter.php(419): CodeIgniter\CodeIgniter->runController()
#3 /var/www/html/faleconosco/system/CodeIgniter.php(326): CodeIgniter\CodeIgniter->handleRequest()
#4 /var/www/html/faleconosco/public/index.php(37): CodeIgniter\CodeIgniter->run()
#5 {main}
CRITICAL - 2025-12-03 08:00:41 --> Undefined index: email
#0 /var/www/html/faleconosco/app/Controllers/Home.php(17): CodeIgniter\Debug\Exceptions->errorHandler()
#1 /var/www/html/faleconosco/system/CodeIgniter.php(832): App\Controllers\Home->index()
#2 /var/www/html/faleconosco/system/CodeIgniter.php(419): CodeIgniter\CodeIgniter->runController()
#3 /var/www/html/faleconosco/system/CodeIgniter.php(326): CodeIgniter\CodeIgniter->handleRequest()
#4 /var/www/html/faleconosco/public/index.php(37): CodeIgniter\CodeIgniter->run()
#5 {main}
CRITICAL - 2025-12-03 08:08:15 --> Undefined index: email
#0 /var/www/html/faleconosco/app/Controllers/Home.php(17): CodeIgniter\Debug\Exceptions->errorHandler()
#1 /var/www/html/faleconosco/system/CodeIgniter.php(832): App\Controllers\Home->index()
#2 /var/www/html/faleconosco/system/CodeIgniter.php(419): CodeIgniter\CodeIgniter->runController()
#3 /var/www/html/faleconosco/system/CodeIgniter.php(326): CodeIgniter\CodeIgniter->handleRequest()
#4 /var/www/html/faleconosco/public/index.php(37): CodeIgniter\CodeIgniter->run()
#5 {main}
CRITICAL - 2025-12-03 08:18:47 --> Undefined index: email
#0 /var/www/html/faleconosco/app/Controllers/Home.php(17): CodeIgniter\Debug\Exceptions->errorHandler()
#1 /var/www/html/faleconosco/system/CodeIgniter.php(832): App\Controllers\Home->index()
#2 /var/www/html/faleconosco/system/CodeIgniter.php(419): CodeIgniter\CodeIgniter->runController()
#3 /var/www/html/faleconosco/system/CodeIgniter.php(326): CodeIgniter\CodeIgniter->handleRequest()
#4 /var/www/html/faleconosco/public/index.php(37): CodeIgniter\CodeIgniter->run()
#5 {main}
CRITICAL - 2025-12-03 08:19:38 --> Undefined index: email
#0 /var/www/html/faleconosco/app/Controllers/Home.php(17): CodeIgniter\Debug\Exceptions->errorHandler()
#1 /var/www/html/faleconosco/system/CodeIgniter.php(832): App\Controllers\Home->index()
#2 /var/www/html/faleconosco/system/CodeIgniter.php(419): CodeIgniter\CodeIgniter->runController()
#3 /var/www/html/faleconosco/system/CodeIgniter.php(326): CodeIgniter\CodeIgniter->handleRequest()
#4 /var/www/html/faleconosco/public/index.php(37): CodeIgniter\CodeIgniter->run()
#5 {main}
CRITICAL - 2025-12-03 08:24:34 --> Undefined index: email
#0 /var/www/html/faleconosco/app/Controllers/Home.php(17): CodeIgniter\Debug\Exceptions->errorHandler()
#1 /var/www/html/faleconosco/system/CodeIgniter.php(832): App\Controllers\Home->index()
#2 /var/www/html/faleconosco/system/CodeIgniter.php(419): CodeIgniter\CodeIgniter->runController()
#3 /var/www/html/faleconosco/system/CodeIgniter.php(326): CodeIgniter\CodeIgniter->handleRequest()
#4 /var/www/html/faleconosco/public/index.php(37): CodeIgniter\CodeIgniter->run()
#5 {main}
CRITICAL - 2025-12-03 08:24:37 --> Undefined index: email
#0 /var/www/html/faleconosco/app/Controllers/Home.php(17): CodeIgniter\Debug\Exceptions->errorHandler()
#1 /var/www/html/faleconosco/system/CodeIgniter.php(832): App\Controllers\Home->index()
#2 /var/www/html/faleconosco/system/CodeIgniter.php(419): CodeIgniter\CodeIgniter->runController()
#3 /var/www/html/faleconosco/system/CodeIgniter.php(326): CodeIgniter\CodeIgniter->handleRequest()
#4 /var/www/html/faleconosco/public/index.php(37): CodeIgniter\CodeIgniter->run()
#5 {main}
CRITICAL - 2025-12-03 08:30:12 --> Undefined index: email
#0 /var/www/html/faleconosco/app/Controllers/Home.php(17): CodeIgniter\Debug\Exceptions->errorHandler()
#1 /var/www/html/faleconosco/system/CodeIgniter.php(832): App\Controllers\Home->index()
#2 /var/www/html/faleconosco/system/CodeIgniter.php(419): CodeIgniter\CodeIgniter->runController()
#3 /var/www/html/faleconosco/system/CodeIgniter.php(326): CodeIgniter\CodeIgniter->handleRequest()
#4 /var/www/html/faleconosco/public/index.php(37): CodeIgniter\CodeIgniter->run()
#5 {main}
CRITICAL - 2025-12-03 08:41:47 --> Undefined index: email
#0 /var/www/html/faleconosco/app/Controllers/Home.php(17): CodeIgniter\Debug\Exceptions->errorHandler()
#1 /var/www/html/faleconosco/system/CodeIgniter.php(832): App\Controllers\Home->index()
#2 /var/www/html/faleconosco/system/CodeIgniter.php(419): CodeIgniter\CodeIgniter->runController()
#3 /var/www/html/faleconosco/system/CodeIgniter.php(326): CodeIgniter\CodeIgniter->handleRequest()
#4 /var/www/html/faleconosco/public/index.php(37): CodeIgniter\CodeIgniter->run()
#5 {main}
CRITICAL - 2025-12-03 08:43:07 --> Undefined index: email
#0 /var/www/html/faleconosco/app/Controllers/Home.php(17): CodeIgniter\Debug\Exceptions->errorHandler()
#1 /var/www/html/faleconosco/system/CodeIgniter.php(832): App\Controllers\Home->index()
#2 /var/www/html/faleconosco/system/CodeIgniter.php(419): CodeIgniter\CodeIgniter->runController()
#3 /var/www/html/faleconosco/system/CodeIgniter.php(326): CodeIgniter\CodeIgniter->handleRequest()
#4 /var/www/html/faleconosco/public/index.php(37): CodeIgniter\CodeIgniter->run()
#5 {main}
CRITICAL - 2025-12-03 08:43:29 --> Undefined index: email
#0 /var/www/html/faleconosco/app/Controllers/Home.php(17): CodeIgniter\Debug\Exceptions->errorHandler()
#1 /var/www/html/faleconosco/system/CodeIgniter.php(832): App\Controllers\Home->index()
#2 /var/www/html/faleconosco/system/CodeIgniter.php(419): CodeIgniter\CodeIgniter->runController()
#3 /var/www/html/faleconosco/system/CodeIgniter.php(326): CodeIgniter\CodeIgniter->handleRequest()
#4 /var/www/html/faleconosco/public/index.php(37): CodeIgniter\CodeIgniter->run()
#5 {main}
CRITICAL - 2025-12-03 08:44:06 --> Undefined index: email
#0 /var/www/html/faleconosco/app/Controllers/Home.php(17): CodeIgniter\Debug\Exceptions->errorHandler()
#1 /var/www/html/faleconosco/system/CodeIgniter.php(832): App\Controllers\Home->index()
#2 /var/www/html/faleconosco/system/CodeIgniter.php(419): CodeIgniter\CodeIgniter->runController()
#3 /var/www/html/faleconosco/system/CodeIgniter.php(326): CodeIgniter\CodeIgniter->handleRequest()
#4 /var/www/html/faleconosco/public/index.php(37): CodeIgniter\CodeIgniter->run()
#5 {main}
CRITICAL - 2025-12-03 08:45:15 --> Undefined index: email
#0 /var/www/html/faleconosco/app/Controllers/Home.php(17): CodeIgniter\Debug\Exceptions->errorHandler()
#1 /var/www/html/faleconosco/system/CodeIgniter.php(832): App\Controllers\Home->index()
#2 /var/www/html/faleconosco/system/CodeIgniter.php(419): CodeIgniter\CodeIgniter->runController()
#3 /var/www/html/faleconosco/system/CodeIgniter.php(326): CodeIgniter\CodeIgniter->handleRequest()
#4 /var/www/html/faleconosco/public/index.php(37): CodeIgniter\CodeIgniter->run()
#5 {main}
CRITICAL - 2025-12-03 08:46:37 --> Undefined index: email
#0 /var/www/html/faleconosco/app/Controllers/Home.php(17): CodeIgniter\Debug\Exceptions->errorHandler()
#1 /var/www/html/faleconosco/system/CodeIgniter.php(832): App\Controllers\Home->index()
#2 /var/www/html/faleconosco/system/CodeIgniter.php(419): CodeIgniter\CodeIgniter->runController()
#3 /var/www/html/faleconosco/system/CodeIgniter.php(326): CodeIgniter\CodeIgniter->handleRequest()
#4 /var/www/html/faleconosco/public/index.php(37): CodeIgniter\CodeIgniter->run()
#5 {main}
CRITICAL - 2025-12-03 09:11:48 --> Undefined index: email
#0 /var/www/html/faleconosco/app/Controllers/Home.php(17): CodeIgniter\Debug\Exceptions->errorHandler()
#1 /var/www/html/faleconosco/system/CodeIgniter.php(832): App\Controllers\Home->index()
#2 /var/www/html/faleconosco/system/CodeIgniter.php(419): CodeIgniter\CodeIgniter->runController()
#3 /var/www/html/faleconosco/system/CodeIgniter.php(326): CodeIgniter\CodeIgniter->handleRequest()
#4 /var/www/html/faleconosco/public/index.php(37): CodeIgniter\CodeIgniter->run()
#5 {main}
CRITICAL - 2025-12-03 09:13:00 --> Undefined index: email
#0 /var/www/html/faleconosco/app/Controllers/Home.php(17): CodeIgniter\Debug\Exceptions->errorHandler()
#1 /var/www/html/faleconosco/system/CodeIgniter.php(832): App\Controllers\Home->index()
#2 /var/www/html/faleconosco/system/CodeIgniter.php(419): CodeIgniter\CodeIgniter->runController()
#3 /var/www/html/faleconosco/system/CodeIgniter.php(326): CodeIgniter\CodeIgniter->handleRequest()
#4 /var/www/html/faleconosco/public/index.php(37): CodeIgniter\CodeIgniter->run()
#5 {main}
CRITICAL - 2025-12-03 09:20:27 --> Undefined index: email
#0 /var/www/html/faleconosco/app/Controllers/Home.php(17): CodeIgniter\Debug\Exceptions->errorHandler()
#1 /var/www/html/faleconosco/system/CodeIgniter.php(832): App\Controllers\Home->index()
#2 /var/www/html/faleconosco/system/CodeIgniter.php(419): CodeIgniter\CodeIgniter->runController()
#3 /var/www/html/faleconosco/system/CodeIgniter.php(326): CodeIgniter\CodeIgniter->handleRequest()
#4 /var/www/html/faleconosco/public/index.php(37): CodeIgniter\CodeIgniter->run()
#5 {main}
CRITICAL - 2025-12-03 09:36:51 --> Undefined index: email
#0 /var/www/html/faleconosco/app/Controllers/Home.php(17): CodeIgniter\Debug\Exceptions->errorHandler()
#1 /var/www/html/faleconosco/system/CodeIgniter.php(832): App\Controllers\Home->index()
#2 /var/www/html/faleconosco/system/CodeIgniter.php(419): CodeIgniter\CodeIgniter->runController()
#3 /var/www/html/faleconosco/system/CodeIgniter.php(326): CodeIgniter\CodeIgniter->handleRequest()
#4 /var/www/html/faleconosco/public/index.php(37): CodeIgniter\CodeIgniter->run()
#5 {main}
CRITICAL - 2025-12-03 09:40:16 --> Undefined index: email
#0 /var/www/html/faleconosco/app/Controllers/Home.php(17): CodeIgniter\Debug\Exceptions->errorHandler()
#1 /var/www/html/faleconosco/system/CodeIgniter.php(832): App\Controllers\Home->index()
#2 /var/www/html/faleconosco/system/CodeIgniter.php(419): CodeIgniter\CodeIgniter->runController()
#3 /var/www/html/faleconosco/system/CodeIgniter.php(326): CodeIgniter\CodeIgniter->handleRequest()
#4 /var/www/html/faleconosco/public/index.php(37): CodeIgniter\CodeIgniter->run()
#5 {main}
CRITICAL - 2025-12-03 09:45:03 --> Undefined index: email
#0 /var/www/html/faleconosco/app/Controllers/Home.php(17): CodeIgniter\Debug\Exceptions->errorHandler()
#1 /var/www/html/faleconosco/system/CodeIgniter.php(832): App\Controllers\Home->index()
#2 /var/www/html/faleconosco/system/CodeIgniter.php(419): CodeIgniter\CodeIgniter->runController()
#3 /var/www/html/faleconosco/system/CodeIgniter.php(326): CodeIgniter\CodeIgniter->handleRequest()
#4 /var/www/html/faleconosco/public/index.php(37): CodeIgniter\CodeIgniter->run()
#5 {main}
CRITICAL - 2025-12-03 09:45:41 --> Undefined index: email
#0 /var/www/html/faleconosco/app/Controllers/Home.php(17): CodeIgniter\Debug\Exceptions->errorHandler()
#1 /var/www/html/faleconosco/system/CodeIgniter.php(832): App\Controllers\Home->index()
#2 /var/www/html/faleconosco/system/CodeIgniter.php(419): CodeIgniter\CodeIgniter->runController()
#3 /var/www/html/faleconosco/system/CodeIgniter.php(326): CodeIgniter\CodeIgniter->handleRequest()
#4 /var/www/html/faleconosco/public/index.php(37): CodeIgniter\CodeIgniter->run()
#5 {main}
CRITICAL - 2025-12-03 09:53:48 --> Undefined index: email
#0 /var/www/html/faleconosco/app/Controllers/Home.php(17): CodeIgniter\Debug\Exceptions->errorHandler()
#1 /var/www/html/faleconosco/system/CodeIgniter.php(832): App\Controllers\Home->index()
#2 /var/www/html/faleconosco/system/CodeIgniter.php(419): CodeIgniter\CodeIgniter->runController()
#3 /var/www/html/faleconosco/system/CodeIgniter.php(326): CodeIgniter\CodeIgniter->handleRequest()
#4 /var/www/html/faleconosco/public/index.php(37): CodeIgniter\CodeIgniter->run()
#5 {main}
CRITICAL - 2025-12-03 09:55:40 --> Undefined index: email
#0 /var/www/html/faleconosco/app/Controllers/Home.php(17): CodeIgniter\Debug\Exceptions->errorHandler()
#1 /var/www/html/faleconosco/system/CodeIgniter.php(832): App\Controllers\Home->index()
#2 /var/www/html/faleconosco/system/CodeIgniter.php(419): CodeIgniter\CodeIgniter->runController()
#3 /var/www/html/faleconosco/system/CodeIgniter.php(326): CodeIgniter\CodeIgniter->handleRequest()
#4 /var/www/html/faleconosco/public/index.php(37): CodeIgniter\CodeIgniter->run()
#5 {main}
CRITICAL - 2025-12-03 10:07:07 --> Undefined index: email
#0 /var/www/html/faleconosco/app/Controllers/Home.php(17): CodeIgniter\Debug\Exceptions->errorHandler()
#1 /var/www/html/faleconosco/system/CodeIgniter.php(832): App\Controllers\Home->index()
#2 /var/www/html/faleconosco/system/CodeIgniter.php(419): CodeIgniter\CodeIgniter->runController()
#3 /var/www/html/faleconosco/system/CodeIgniter.php(326): CodeIgniter\CodeIgniter->handleRequest()
#4 /var/www/html/faleconosco/public/index.php(37): CodeIgniter\CodeIgniter->run()
#5 {main}
CRITICAL - 2025-12-03 10:28:58 --> Undefined index: email
#0 /var/www/html/faleconosco/app/Controllers/Home.php(17): CodeIgniter\Debug\Exceptions->errorHandler()
#1 /var/www/html/faleconosco/system/CodeIgniter.php(832): App\Controllers\Home->index()
#2 /var/www/html/faleconosco/system/CodeIgniter.php(419): CodeIgniter\CodeIgniter->runController()
#3 /var/www/html/faleconosco/system/CodeIgniter.php(326): CodeIgniter\CodeIgniter->handleRequest()
#4 /var/www/html/faleconosco/public/index.php(37): CodeIgniter\CodeIgniter->run()
#5 {main}
CRITICAL - 2025-12-03 10:32:48 --> Undefined index: email
#0 /var/www/html/faleconosco/app/Controllers/Home.php(17): CodeIgniter\Debug\Exceptions->errorHandler()
#1 /var/www/html/faleconosco/system/CodeIgniter.php(832): App\Controllers\Home->index()
#2 /var/www/html/faleconosco/system/CodeIgniter.php(419): CodeIgniter\CodeIgniter->runController()
#3 /var/www/html/faleconosco/system/CodeIgniter.php(326): CodeIgniter\CodeIgniter->handleRequest()
#4 /var/www/html/faleconosco/public/index.php(37): CodeIgniter\CodeIgniter->run()
#5 {main}
CRITICAL - 2025-12-03 10:35:13 --> Undefined index: email
#0 /var/www/html/faleconosco/app/Controllers/Home.php(17): CodeIgniter\Debug\Exceptions->errorHandler()
#1 /var/www/html/faleconosco/system/CodeIgniter.php(832): App\Controllers\Home->index()
#2 /var/www/html/faleconosco/system/CodeIgniter.php(419): CodeIgniter\CodeIgniter->runController()
#3 /var/www/html/faleconosco/system/CodeIgniter.php(326): CodeIgniter\CodeIgniter->handleRequest()
#4 /var/www/html/faleconosco/public/index.php(37): CodeIgniter\CodeIgniter->run()
#5 {main}
CRITICAL - 2025-12-03 10:40:14 --> Undefined index: email
#0 /var/www/html/faleconosco/app/Controllers/Home.php(17): CodeIgniter\Debug\Exceptions->errorHandler()
#1 /var/www/html/faleconosco/system/CodeIgniter.php(832): App\Controllers\Home->index()
#2 /var/www/html/faleconosco/system/CodeIgniter.php(419): CodeIgniter\CodeIgniter->runController()
#3 /var/www/html/faleconosco/system/CodeIgniter.php(326): CodeIgniter\CodeIgniter->handleRequest()
#4 /var/www/html/faleconosco/public/index.php(37): CodeIgniter\CodeIgniter->run()
#5 {main}
CRITICAL - 2025-12-03 10:55:27 --> Undefined index: email
#0 /var/www/html/faleconosco/app/Controllers/Home.php(17): CodeIgniter\Debug\Exceptions->errorHandler()
#1 /var/www/html/faleconosco/system/CodeIgniter.php(832): App\Controllers\Home->index()
#2 /var/www/html/faleconosco/system/CodeIgniter.php(419): CodeIgniter\CodeIgniter->runController()
#3 /var/www/html/faleconosco/system/CodeIgniter.php(326): CodeIgniter\CodeIgniter->handleRequest()
#4 /var/www/html/faleconosco/public/index.php(37): CodeIgniter\CodeIgniter->run()
#5 {main}
CRITICAL - 2025-12-03 10:55:55 --> Undefined index: email
#0 /var/www/html/faleconosco/app/Controllers/Home.php(17): CodeIgniter\Debug\Exceptions->errorHandler()
#1 /var/www/html/faleconosco/system/CodeIgniter.php(832): App\Controllers\Home->index()
#2 /var/www/html/faleconosco/system/CodeIgniter.php(419): CodeIgniter\CodeIgniter->runController()
#3 /var/www/html/faleconosco/system/CodeIgniter.php(326): CodeIgniter\CodeIgniter->handleRequest()
#4 /var/www/html/faleconosco/public/index.php(37): CodeIgniter\CodeIgniter->run()
#5 {main}
CRITICAL - 2025-12-03 10:56:32 --> Undefined index: email
#0 /var/www/html/faleconosco/app/Controllers/Home.php(17): CodeIgniter\Debug\Exceptions->errorHandler()
#1 /var/www/html/faleconosco/system/CodeIgniter.php(832): App\Controllers\Home->index()
#2 /var/www/html/faleconosco/system/CodeIgniter.php(419): CodeIgniter\CodeIgniter->runController()
#3 /var/www/html/faleconosco/system/CodeIgniter.php(326): CodeIgniter\CodeIgniter->handleRequest()
#4 /var/www/html/faleconosco/public/index.php(37): CodeIgniter\CodeIgniter->run()
#5 {main}
CRITICAL - 2025-12-03 10:57:18 --> Undefined index: email
#0 /var/www/html/faleconosco/app/Controllers/Home.php(17): CodeIgniter\Debug\Exceptions->errorHandler()
#1 /var/www/html/faleconosco/system/CodeIgniter.php(832): App\Controllers\Home->index()
#2 /var/www/html/faleconosco/system/CodeIgniter.php(419): CodeIgniter\CodeIgniter->runController()
#3 /var/www/html/faleconosco/system/CodeIgniter.php(326): CodeIgniter\CodeIgniter->handleRequest()
#4 /var/www/html/faleconosco/public/index.php(37): CodeIgniter\CodeIgniter->run()
#5 {main}
CRITICAL - 2025-12-03 10:59:23 --> Undefined index: email
#0 /var/www/html/faleconosco/app/Controllers/Home.php(17): CodeIgniter\Debug\Exceptions->errorHandler()
#1 /var/www/html/faleconosco/system/CodeIgniter.php(832): App\Controllers\Home->index()
#2 /var/www/html/faleconosco/system/CodeIgniter.php(419): CodeIgniter\CodeIgniter->runController()
#3 /var/www/html/faleconosco/system/CodeIgniter.php(326): CodeIgniter\CodeIgniter->handleRequest()
#4 /var/www/html/faleconosco/public/index.php(37): CodeIgniter\CodeIgniter->run()
#5 {main}
CRITICAL - 2025-12-03 11:11:10 --> Undefined index: email
#0 /var/www/html/faleconosco/app/Controllers/Home.php(17): CodeIgniter\Debug\Exceptions->errorHandler()
#1 /var/www/html/faleconosco/system/CodeIgniter.php(832): App\Controllers\Home->index()
#2 /var/www/html/faleconosco/system/CodeIgniter.php(419): CodeIgniter\CodeIgniter->runController()
#3 /var/www/html/faleconosco/system/CodeIgniter.php(326): CodeIgniter\CodeIgniter->handleRequest()
#4 /var/www/html/faleconosco/public/index.php(37): CodeIgniter\CodeIgniter->run()
#5 {main}
CRITICAL - 2025-12-03 11:12:52 --> Undefined index: email
#0 /var/www/html/faleconosco/app/Controllers/Home.php(17): CodeIgniter\Debug\Exceptions->errorHandler()
#1 /var/www/html/faleconosco/system/CodeIgniter.php(832): App\Controllers\Home->index()
#2 /var/www/html/faleconosco/system/CodeIgniter.php(419): CodeIgniter\CodeIgniter->runController()
#3 /var/www/html/faleconosco/system/CodeIgniter.php(326): CodeIgniter\CodeIgniter->handleRequest()
#4 /var/www/html/faleconosco/public/index.php(37): CodeIgniter\CodeIgniter->run()
#5 {main}
CRITICAL - 2025-12-03 11:14:44 --> Undefined index: email
#0 /var/www/html/faleconosco/app/Controllers/Home.php(17): CodeIgniter\Debug\Exceptions->errorHandler()
#1 /var/www/html/faleconosco/system/CodeIgniter.php(832): App\Controllers\Home->index()
#2 /var/www/html/faleconosco/system/CodeIgniter.php(419): CodeIgniter\CodeIgniter->runController()
#3 /var/www/html/faleconosco/system/CodeIgniter.php(326): CodeIgniter\CodeIgniter->handleRequest()
#4 /var/www/html/faleconosco/public/index.php(37): CodeIgniter\CodeIgniter->run()
#5 {main}
CRITICAL - 2025-12-03 11:14:51 --> Undefined index: email
#0 /var/www/html/faleconosco/app/Controllers/Home.php(17): CodeIgniter\Debug\Exceptions->errorHandler()
#1 /var/www/html/faleconosco/system/CodeIgniter.php(832): App\Controllers\Home->index()
#2 /var/www/html/faleconosco/system/CodeIgniter.php(419): CodeIgniter\CodeIgniter->runController()
#3 /var/www/html/faleconosco/system/CodeIgniter.php(326): CodeIgniter\CodeIgniter->handleRequest()
#4 /var/www/html/faleconosco/public/index.php(37): CodeIgniter\CodeIgniter->run()
#5 {main}
CRITICAL - 2025-12-03 11:15:41 --> Undefined index: email
#0 /var/www/html/faleconosco/app/Controllers/Home.php(17): CodeIgniter\Debug\Exceptions->errorHandler()
#1 /var/www/html/faleconosco/system/CodeIgniter.php(832): App\Controllers\Home->index()
#2 /var/www/html/faleconosco/system/CodeIgniter.php(419): CodeIgniter\CodeIgniter->runController()
#3 /var/www/html/faleconosco/system/CodeIgniter.php(326): CodeIgniter\CodeIgniter->handleRequest()
#4 /var/www/html/faleconosco/public/index.php(37): CodeIgniter\CodeIgniter->run()
#5 {main}
CRITICAL - 2025-12-03 11:25:10 --> Undefined index: email
#0 /var/www/html/faleconosco/app/Controllers/Home.php(17): CodeIgniter\Debug\Exceptions->errorHandler()
#1 /var/www/html/faleconosco/system/CodeIgniter.php(832): App\Controllers\Home->index()
#2 /var/www/html/faleconosco/system/CodeIgniter.php(419): CodeIgniter\CodeIgniter->runController()
#3 /var/www/html/faleconosco/system/CodeIgniter.php(326): CodeIgniter\CodeIgniter->handleRequest()
#4 /var/www/html/faleconosco/public/index.php(37): CodeIgniter\CodeIgniter->run()
#5 {main}
CRITICAL - 2025-12-03 11:27:54 --> Undefined index: email
#0 /var/www/html/faleconosco/app/Controllers/Home.php(17): CodeIgniter\Debug\Exceptions->errorHandler()
#1 /var/www/html/faleconosco/system/CodeIgniter.php(832): App\Controllers\Home->index()
#2 /var/www/html/faleconosco/system/CodeIgniter.php(419): CodeIgniter\CodeIgniter->runController()
#3 /var/www/html/faleconosco/system/CodeIgniter.php(326): CodeIgniter\CodeIgniter->handleRequest()
#4 /var/www/html/faleconosco/public/index.php(37): CodeIgniter\CodeIgniter->run()
#5 {main}
CRITICAL - 2025-12-03 11:28:01 --> Undefined index: email
#0 /var/www/html/faleconosco/app/Controllers/Home.php(17): CodeIgniter\Debug\Exceptions->errorHandler()
#1 /var/www/html/faleconosco/system/CodeIgniter.php(832): App\Controllers\Home->index()
#2 /var/www/html/faleconosco/system/CodeIgniter.php(419): CodeIgniter\CodeIgniter->runController()
#3 /var/www/html/faleconosco/system/CodeIgniter.php(326): CodeIgniter\CodeIgniter->handleRequest()
#4 /var/www/html/faleconosco/public/index.php(37): CodeIgniter\CodeIgniter->run()
#5 {main}
CRITICAL - 2025-12-03 11:29:15 --> Undefined index: email
#0 /var/www/html/faleconosco/app/Controllers/Home.php(17): CodeIgniter\Debug\Exceptions->errorHandler()
#1 /var/www/html/faleconosco/system/CodeIgniter.php(832): App\Controllers\Home->index()
#2 /var/www/html/faleconosco/system/CodeIgniter.php(419): CodeIgniter\CodeIgniter->runController()
#3 /var/www/html/faleconosco/system/CodeIgniter.php(326): CodeIgniter\CodeIgniter->handleRequest()
#4 /var/www/html/faleconosco/public/index.php(37): CodeIgniter\CodeIgniter->run()
#5 {main}
CRITICAL - 2025-12-03 11:33:26 --> Undefined index: email
#0 /var/www/html/faleconosco/app/Controllers/Home.php(17): CodeIgniter\Debug\Exceptions->errorHandler()
#1 /var/www/html/faleconosco/system/CodeIgniter.php(832): App\Controllers\Home->index()
#2 /var/www/html/faleconosco/system/CodeIgniter.php(419): CodeIgniter\CodeIgniter->runController()
#3 /var/www/html/faleconosco/system/CodeIgniter.php(326): CodeIgniter\CodeIgniter->handleRequest()
#4 /var/www/html/faleconosco/public/index.php(37): CodeIgniter\CodeIgniter->run()
#5 {main}
CRITICAL - 2025-12-03 11:39:02 --> Undefined index: email
#0 /var/www/html/faleconosco/app/Controllers/Home.php(17): CodeIgniter\Debug\Exceptions->errorHandler()
#1 /var/www/html/faleconosco/system/CodeIgniter.php(832): App\Controllers\Home->index()
#2 /var/www/html/faleconosco/system/CodeIgniter.php(419): CodeIgniter\CodeIgniter->runController()
#3 /var/www/html/faleconosco/system/CodeIgniter.php(326): CodeIgniter\CodeIgniter->handleRequest()
#4 /var/www/html/faleconosco/public/index.php(37): CodeIgniter\CodeIgniter->run()
#5 {main}
CRITICAL - 2025-12-03 11:39:44 --> Undefined index: email
#0 /var/www/html/faleconosco/app/Controllers/Home.php(17): CodeIgniter\Debug\Exceptions->errorHandler()
#1 /var/www/html/faleconosco/system/CodeIgniter.php(832): App\Controllers\Home->index()
#2 /var/www/html/faleconosco/system/CodeIgniter.php(419): CodeIgniter\CodeIgniter->runController()
#3 /var/www/html/faleconosco/system/CodeIgniter.php(326): CodeIgniter\CodeIgniter->handleRequest()
#4 /var/www/html/faleconosco/public/index.php(37): CodeIgniter\CodeIgniter->run()
#5 {main}
CRITICAL - 2025-12-03 11:42:10 --> Undefined index: email
#0 /var/www/html/faleconosco/app/Controllers/Home.php(17): CodeIgniter\Debug\Exceptions->errorHandler()
#1 /var/www/html/faleconosco/system/CodeIgniter.php(832): App\Controllers\Home->index()
#2 /var/www/html/faleconosco/system/CodeIgniter.php(419): CodeIgniter\CodeIgniter->runController()
#3 /var/www/html/faleconosco/system/CodeIgniter.php(326): CodeIgniter\CodeIgniter->handleRequest()
#4 /var/www/html/faleconosco/public/index.php(37): CodeIgniter\CodeIgniter->run()
#5 {main}
CRITICAL - 2025-12-03 11:46:44 --> Undefined index: email
#0 /var/www/html/faleconosco/app/Controllers/Home.php(17): CodeIgniter\Debug\Exceptions->errorHandler()
#1 /var/www/html/faleconosco/system/CodeIgniter.php(832): App\Controllers\Home->index()
#2 /var/www/html/faleconosco/system/CodeIgniter.php(419): CodeIgniter\CodeIgniter->runController()
#3 /var/www/html/faleconosco/system/CodeIgniter.php(326): CodeIgniter\CodeIgniter->handleRequest()
#4 /var/www/html/faleconosco/public/index.php(37): CodeIgniter\CodeIgniter->run()
#5 {main}
CRITICAL - 2025-12-03 11:49:32 --> Undefined index: email
#0 /var/www/html/faleconosco/app/Controllers/Home.php(17): CodeIgniter\Debug\Exceptions->errorHandler()
#1 /var/www/html/faleconosco/system/CodeIgniter.php(832): App\Controllers\Home->index()
#2 /var/www/html/faleconosco/system/CodeIgniter.php(419): CodeIgniter\CodeIgniter->runController()
#3 /var/www/html/faleconosco/system/CodeIgniter.php(326): CodeIgniter\CodeIgniter->handleRequest()
#4 /var/www/html/faleconosco/public/index.php(37): CodeIgniter\CodeIgniter->run()
#5 {main}
CRITICAL - 2025-12-03 11:49:57 --> Undefined index: email
#0 /var/www/html/faleconosco/app/Controllers/Home.php(17): CodeIgniter\Debug\Exceptions->errorHandler()
#1 /var/www/html/faleconosco/system/CodeIgniter.php(832): App\Controllers\Home->index()
#2 /var/www/html/faleconosco/system/CodeIgniter.php(419): CodeIgniter\CodeIgniter->runController()
#3 /var/www/html/faleconosco/system/CodeIgniter.php(326): CodeIgniter\CodeIgniter->handleRequest()
#4 /var/www/html/faleconosco/public/index.php(37): CodeIgniter\CodeIgniter->run()
#5 {main}
CRITICAL - 2025-12-03 11:55:14 --> Undefined index: email
#0 /var/www/html/faleconosco/app/Controllers/Home.php(17): CodeIgniter\Debug\Exceptions->errorHandler()
#1 /var/www/html/faleconosco/system/CodeIgniter.php(832): App\Controllers\Home->index()
#2 /var/www/html/faleconosco/system/CodeIgniter.php(419): CodeIgniter\CodeIgniter->runController()
#3 /var/www/html/faleconosco/system/CodeIgniter.php(326): CodeIgniter\CodeIgniter->handleRequest()
#4 /var/www/html/faleconosco/public/index.php(37): CodeIgniter\CodeIgniter->run()
#5 {main}
CRITICAL - 2025-12-03 12:09:28 --> Undefined index: email
#0 /var/www/html/faleconosco/app/Controllers/Home.php(17): CodeIgniter\Debug\Exceptions->errorHandler()
#1 /var/www/html/faleconosco/system/CodeIgniter.php(832): App\Controllers\Home->index()
#2 /var/www/html/faleconosco/system/CodeIgniter.php(419): CodeIgniter\CodeIgniter->runController()
#3 /var/www/html/faleconosco/system/CodeIgniter.php(326): CodeIgniter\CodeIgniter->handleRequest()
#4 /var/www/html/faleconosco/public/index.php(37): CodeIgniter\CodeIgniter->run()
#5 {main}
CRITICAL - 2025-12-03 12:11:34 --> Undefined index: email
#0 /var/www/html/faleconosco/app/Controllers/Home.php(17): CodeIgniter\Debug\Exceptions->errorHandler()
#1 /var/www/html/faleconosco/system/CodeIgniter.php(832): App\Controllers\Home->index()
#2 /var/www/html/faleconosco/system/CodeIgniter.php(419): CodeIgniter\CodeIgniter->runController()
#3 /var/www/html/faleconosco/system/CodeIgniter.php(326): CodeIgniter\CodeIgniter->handleRequest()
#4 /var/www/html/faleconosco/public/index.php(37): CodeIgniter\CodeIgniter->run()
#5 {main}
CRITICAL - 2025-12-03 12:16:50 --> Undefined index: email
#0 /var/www/html/faleconosco/app/Controllers/Home.php(17): CodeIgniter\Debug\Exceptions->errorHandler()
#1 /var/www/html/faleconosco/system/CodeIgniter.php(832): App\Controllers\Home->index()
#2 /var/www/html/faleconosco/system/CodeIgniter.php(419): CodeIgniter\CodeIgniter->runController()
#3 /var/www/html/faleconosco/system/CodeIgniter.php(326): CodeIgniter\CodeIgniter->handleRequest()
#4 /var/www/html/faleconosco/public/index.php(37): CodeIgniter\CodeIgniter->run()
#5 {main}
CRITICAL - 2025-12-03 12:26:17 --> preg_match(): Compilation failed: unmatched closing parenthesis at offset 13
#0 [internal function]: CodeIgniter\Debug\Exceptions->errorHandler()
#1 /var/www/html/faleconosco/system/Router/Router.php(384): preg_match()
#2 /var/www/html/faleconosco/system/Router/Router.php(154): CodeIgniter\Router\Router->checkRoutes()
#3 /var/www/html/faleconosco/system/CodeIgniter.php(726): CodeIgniter\Router\Router->handle()
#4 /var/www/html/faleconosco/system/CodeIgniter.php(368): CodeIgniter\CodeIgniter->tryToRouteIt()
#5 /var/www/html/faleconosco/system/CodeIgniter.php(326): CodeIgniter\CodeIgniter->handleRequest()
#6 /var/www/html/faleconosco/public/index.php(37): CodeIgniter\CodeIgniter->run()
#7 {main}
CRITICAL - 2025-12-03 12:27:33 --> preg_match(): Compilation failed: unmatched closing parenthesis at offset 13
#0 [internal function]: CodeIgniter\Debug\Exceptions->errorHandler()
#1 /var/www/html/faleconosco/system/Router/Router.php(384): preg_match()
#2 /var/www/html/faleconosco/system/Router/Router.php(154): CodeIgniter\Router\Router->checkRoutes()
#3 /var/www/html/faleconosco/system/CodeIgniter.php(726): CodeIgniter\Router\Router->handle()
#4 /var/www/html/faleconosco/system/CodeIgniter.php(368): CodeIgniter\CodeIgniter->tryToRouteIt()
#5 /var/www/html/faleconosco/system/CodeIgniter.php(326): CodeIgniter\CodeIgniter->handleRequest()
#6 /var/www/html/faleconosco/public/index.php(37): CodeIgniter\CodeIgniter->run()
#7 {main}
CRITICAL - 2025-12-03 12:28:24 --> preg_match(): Compilation failed: unmatched closing parenthesis at offset 13
#0 [internal function]: CodeIgniter\Debug\Exceptions->errorHandler()
#1 /var/www/html/faleconosco/system/Router/Router.php(384): preg_match()
#2 /var/www/html/faleconosco/system/Router/Router.php(154): CodeIgniter\Router\Router->checkRoutes()
#3 /var/www/html/faleconosco/system/CodeIgniter.php(726): CodeIgniter\Router\Router->handle()
#4 /var/www/html/faleconosco/system/CodeIgniter.php(368): CodeIgniter\CodeIgniter->tryToRouteIt()
#5 /var/www/html/faleconosco/system/CodeIgniter.php(326): CodeIgniter\CodeIgniter->handleRequest()
#6 /var/www/html/faleconosco/public/index.php(37): CodeIgniter\CodeIgniter->run()
#7 {main}
CRITICAL - 2025-12-03 12:33:10 --> Undefined index: email
#0 /var/www/html/faleconosco/app/Controllers/Home.php(17): CodeIgniter\Debug\Exceptions->errorHandler()
#1 /var/www/html/faleconosco/system/CodeIgniter.php(832): App\Controllers\Home->index()
#2 /var/www/html/faleconosco/system/CodeIgniter.php(419): CodeIgniter\CodeIgniter->runController()
#3 /var/www/html/faleconosco/system/CodeIgniter.php(326): CodeIgniter\CodeIgniter->handleRequest()
#4 /var/www/html/faleconosco/public/index.php(37): CodeIgniter\CodeIgniter->run()
#5 {main}
CRITICAL - 2025-12-03 12:41:48 --> Undefined index: email
#0 /var/www/html/faleconosco/app/Controllers/Home.php(17): CodeIgniter\Debug\Exceptions->errorHandler()
#1 /var/www/html/faleconosco/system/CodeIgniter.php(832): App\Controllers\Home->index()
#2 /var/www/html/faleconosco/system/CodeIgniter.php(419): CodeIgniter\CodeIgniter->runController()
#3 /var/www/html/faleconosco/system/CodeIgniter.php(326): CodeIgniter\CodeIgniter->handleRequest()
#4 /var/www/html/faleconosco/public/index.php(37): CodeIgniter\CodeIgniter->run()
#5 {main}
CRITICAL - 2025-12-03 12:41:51 --> Undefined index: email
#0 /var/www/html/faleconosco/app/Controllers/Home.php(17): CodeIgniter\Debug\Exceptions->errorHandler()
#1 /var/www/html/faleconosco/system/CodeIgniter.php(832): App\Controllers\Home->index()
#2 /var/www/html/faleconosco/system/CodeIgniter.php(419): CodeIgniter\CodeIgniter->runController()
#3 /var/www/html/faleconosco/system/CodeIgniter.php(326): CodeIgniter\CodeIgniter->handleRequest()
#4 /var/www/html/faleconosco/public/index.php(37): CodeIgniter\CodeIgniter->run()
#5 {main}
CRITICAL - 2025-12-03 12:47:20 --> Undefined index: email
#0 /var/www/html/faleconosco/app/Controllers/Home.php(17): CodeIgniter\Debug\Exceptions->errorHandler()
#1 /var/www/html/faleconosco/system/CodeIgniter.php(832): App\Controllers\Home->index()
#2 /var/www/html/faleconosco/system/CodeIgniter.php(419): CodeIgniter\CodeIgniter->runController()
#3 /var/www/html/faleconosco/system/CodeIgniter.php(326): CodeIgniter\CodeIgniter->handleRequest()
#4 /var/www/html/faleconosco/public/index.php(37): CodeIgniter\CodeIgniter->run()
#5 {main}
