CRITICAL - 2025-12-02 12:51:29 --> print_r() expects at least 1 parameter, 0 given
#0 [internal function]: CodeIgniter\Debug\Exceptions->errorHandler()
#1 /var/www/html/faleconosco/app/Views/main.php(339): print_r()
#2 /var/www/html/faleconosco/system/View/View.php(210): include('/var/www/html/f...')
#3 /var/www/html/faleconosco/system/View/View.php(213): CodeIgniter\View\View->CodeIgniter\View\{closure}()
#4 /var/www/html/faleconosco/system/Common.php(1089): CodeIgniter\View\View->render()
#5 /var/www/html/faleconosco/app/Controllers/Home.php(34): view()
#6 /var/www/html/faleconosco/system/CodeIgniter.php(832): App\Controllers\Home->index()
#7 /var/www/html/faleconosco/system/CodeIgniter.php(419): CodeIgniter\CodeIgniter->runController()
#8 /var/www/html/faleconosco/system/CodeIgniter.php(326): CodeIgniter\CodeIgniter->handleRequest()
#9 /var/www/html/faleconosco/public/index.php(37): CodeIgniter\CodeIgniter->run()
#10 {main}
CRITICAL - 2025-12-02 12:51:46 --> print_r() expects at least 1 parameter, 0 given
#0 [internal function]: CodeIgniter\Debug\Exceptions->errorHandler()
#1 /var/www/html/faleconosco/app/Views/main.php(339): print_r()
#2 /var/www/html/faleconosco/system/View/View.php(210): include('/var/www/html/f...')
#3 /var/www/html/faleconosco/system/View/View.php(213): CodeIgniter\View\View->CodeIgniter\View\{closure}()
#4 /var/www/html/faleconosco/system/Common.php(1089): CodeIgniter\View\View->render()
#5 /var/www/html/faleconosco/app/Controllers/Home.php(34): view()
#6 /var/www/html/faleconosco/system/CodeIgniter.php(832): App\Controllers\Home->index()
#7 /var/www/html/faleconosco/system/CodeIgniter.php(419): CodeIgniter\CodeIgniter->runController()
#8 /var/www/html/faleconosco/system/CodeIgniter.php(326): CodeIgniter\CodeIgniter->handleRequest()
#9 /var/www/html/faleconosco/public/index.php(37): CodeIgniter\CodeIgniter->run()
#10 {main}
CRITICAL - 2025-12-02 12:51:47 --> print_r() expects at least 1 parameter, 0 given
#0 [internal function]: CodeIgniter\Debug\Exceptions->errorHandler()
#1 /var/www/html/faleconosco/app/Views/main.php(339): print_r()
#2 /var/www/html/faleconosco/system/View/View.php(210): include('/var/www/html/f...')
#3 /var/www/html/faleconosco/system/View/View.php(213): CodeIgniter\View\View->CodeIgniter\View\{closure}()
#4 /var/www/html/faleconosco/system/Common.php(1089): CodeIgniter\View\View->render()
#5 /var/www/html/faleconosco/app/Controllers/Home.php(34): view()
#6 /var/www/html/faleconosco/system/CodeIgniter.php(832): App\Controllers\Home->index()
#7 /var/www/html/faleconosco/system/CodeIgniter.php(419): CodeIgniter\CodeIgniter->runController()
#8 /var/www/html/faleconosco/system/CodeIgniter.php(326): CodeIgniter\CodeIgniter->handleRequest()
#9 /var/www/html/faleconosco/public/index.php(37): CodeIgniter\CodeIgniter->run()
#10 {main}
CRITICAL - 2025-12-02 12:51:47 --> print_r() expects at least 1 parameter, 0 given
#0 [internal function]: CodeIgniter\Debug\Exceptions->errorHandler()
#1 /var/www/html/faleconosco/app/Views/main.php(339): print_r()
#2 /var/www/html/faleconosco/system/View/View.php(210): include('/var/www/html/f...')
#3 /var/www/html/faleconosco/system/View/View.php(213): CodeIgniter\View\View->CodeIgniter\View\{closure}()
#4 /var/www/html/faleconosco/system/Common.php(1089): CodeIgniter\View\View->render()
#5 /var/www/html/faleconosco/app/Controllers/Home.php(34): view()
#6 /var/www/html/faleconosco/system/CodeIgniter.php(832): App\Controllers\Home->index()
#7 /var/www/html/faleconosco/system/CodeIgniter.php(419): CodeIgniter\CodeIgniter->runController()
#8 /var/www/html/faleconosco/system/CodeIgniter.php(326): CodeIgniter\CodeIgniter->handleRequest()
#9 /var/www/html/faleconosco/public/index.php(37): CodeIgniter\CodeIgniter->run()
#10 {main}
CRITICAL - 2025-12-02 12:52:03 --> print_r() expects at least 1 parameter, 0 given
#0 [internal function]: CodeIgniter\Debug\Exceptions->errorHandler()
#1 /var/www/html/faleconosco/app/Views/main.php(339): print_r()
#2 /var/www/html/faleconosco/system/View/View.php(210): include('/var/www/html/f...')
#3 /var/www/html/faleconosco/system/View/View.php(213): CodeIgniter\View\View->CodeIgniter\View\{closure}()
#4 /var/www/html/faleconosco/system/Common.php(1089): CodeIgniter\View\View->render()
#5 /var/www/html/faleconosco/app/Controllers/Home.php(34): view()
#6 /var/www/html/faleconosco/system/CodeIgniter.php(832): App\Controllers\Home->index()
#7 /var/www/html/faleconosco/system/CodeIgniter.php(419): CodeIgniter\CodeIgniter->runController()
#8 /var/www/html/faleconosco/system/CodeIgniter.php(326): CodeIgniter\CodeIgniter->handleRequest()
#9 /var/www/html/faleconosco/public/index.php(37): CodeIgniter\CodeIgniter->run()
#10 {main}
CRITICAL - 2025-12-02 12:56:58 --> Undefined index: email
#0 /var/www/html/faleconosco/app/Controllers/Home.php(17): CodeIgniter\Debug\Exceptions->errorHandler()
#1 /var/www/html/faleconosco/system/CodeIgniter.php(832): App\Controllers\Home->index()
#2 /var/www/html/faleconosco/system/CodeIgniter.php(419): CodeIgniter\CodeIgniter->runController()
#3 /var/www/html/faleconosco/system/CodeIgniter.php(326): CodeIgniter\CodeIgniter->handleRequest()
#4 /var/www/html/faleconosco/public/index.php(37): CodeIgniter\CodeIgniter->run()
#5 {main}
CRITICAL - 2025-12-02 13:00:06 --> Undefined index: email
#0 /var/www/html/faleconosco/app/Controllers/Home.php(17): CodeIgniter\Debug\Exceptions->errorHandler()
#1 /var/www/html/faleconosco/system/CodeIgniter.php(832): App\Controllers\Home->index()
#2 /var/www/html/faleconosco/system/CodeIgniter.php(419): CodeIgniter\CodeIgniter->runController()
#3 /var/www/html/faleconosco/system/CodeIgniter.php(326): CodeIgniter\CodeIgniter->handleRequest()
#4 /var/www/html/faleconosco/public/index.php(37): CodeIgniter\CodeIgniter->run()
#5 {main}
CRITICAL - 2025-12-02 13:06:27 --> Undefined index: email
#0 /var/www/html/faleconosco/app/Controllers/Home.php(17): CodeIgniter\Debug\Exceptions->errorHandler()
#1 /var/www/html/faleconosco/system/CodeIgniter.php(832): App\Controllers\Home->index()
#2 /var/www/html/faleconosco/system/CodeIgniter.php(419): CodeIgniter\CodeIgniter->runController()
#3 /var/www/html/faleconosco/system/CodeIgniter.php(326): CodeIgniter\CodeIgniter->handleRequest()
#4 /var/www/html/faleconosco/public/index.php(37): CodeIgniter\CodeIgniter->run()
#5 {main}
CRITICAL - 2025-12-02 13:07:45 --> Undefined index: email
#0 /var/www/html/faleconosco/app/Controllers/Home.php(17): CodeIgniter\Debug\Exceptions->errorHandler()
#1 /var/www/html/faleconosco/system/CodeIgniter.php(832): App\Controllers\Home->index()
#2 /var/www/html/faleconosco/system/CodeIgniter.php(419): CodeIgniter\CodeIgniter->runController()
#3 /var/www/html/faleconosco/system/CodeIgniter.php(326): CodeIgniter\CodeIgniter->handleRequest()
#4 /var/www/html/faleconosco/public/index.php(37): CodeIgniter\CodeIgniter->run()
#5 {main}
CRITICAL - 2025-12-02 13:07:48 --> Undefined index: email
#0 /var/www/html/faleconosco/app/Controllers/Home.php(17): CodeIgniter\Debug\Exceptions->errorHandler()
#1 /var/www/html/faleconosco/system/CodeIgniter.php(832): App\Controllers\Home->index()
#2 /var/www/html/faleconosco/system/CodeIgniter.php(419): CodeIgniter\CodeIgniter->runController()
#3 /var/www/html/faleconosco/system/CodeIgniter.php(326): CodeIgniter\CodeIgniter->handleRequest()
#4 /var/www/html/faleconosco/public/index.php(37): CodeIgniter\CodeIgniter->run()
#5 {main}
CRITICAL - 2025-12-02 13:07:52 --> Undefined index: email
#0 /var/www/html/faleconosco/app/Controllers/Home.php(17): CodeIgniter\Debug\Exceptions->errorHandler()
#1 /var/www/html/faleconosco/system/CodeIgniter.php(832): App\Controllers\Home->index()
#2 /var/www/html/faleconosco/system/CodeIgniter.php(419): CodeIgniter\CodeIgniter->runController()
#3 /var/www/html/faleconosco/system/CodeIgniter.php(326): CodeIgniter\CodeIgniter->handleRequest()
#4 /var/www/html/faleconosco/public/index.php(37): CodeIgniter\CodeIgniter->run()
#5 {main}
CRITICAL - 2025-12-02 13:10:08 --> Undefined index: email
#0 /var/www/html/faleconosco/app/Controllers/Home.php(17): CodeIgniter\Debug\Exceptions->errorHandler()
#1 /var/www/html/faleconosco/system/CodeIgniter.php(832): App\Controllers\Home->index()
#2 /var/www/html/faleconosco/system/CodeIgniter.php(419): CodeIgniter\CodeIgniter->runController()
#3 /var/www/html/faleconosco/system/CodeIgniter.php(326): CodeIgniter\CodeIgniter->handleRequest()
#4 /var/www/html/faleconosco/public/index.php(37): CodeIgniter\CodeIgniter->run()
#5 {main}
CRITICAL - 2025-12-02 13:12:08 --> Undefined index: email
#0 /var/www/html/faleconosco/app/Controllers/Home.php(17): CodeIgniter\Debug\Exceptions->errorHandler()
#1 /var/www/html/faleconosco/system/CodeIgniter.php(832): App\Controllers\Home->index()
#2 /var/www/html/faleconosco/system/CodeIgniter.php(419): CodeIgniter\CodeIgniter->runController()
#3 /var/www/html/faleconosco/system/CodeIgniter.php(326): CodeIgniter\CodeIgniter->handleRequest()
#4 /var/www/html/faleconosco/public/index.php(37): CodeIgniter\CodeIgniter->run()
#5 {main}
CRITICAL - 2025-12-02 13:12:13 --> Undefined index: email
#0 /var/www/html/faleconosco/app/Controllers/Home.php(17): CodeIgniter\Debug\Exceptions->errorHandler()
#1 /var/www/html/faleconosco/system/CodeIgniter.php(832): App\Controllers\Home->index()
#2 /var/www/html/faleconosco/system/CodeIgniter.php(419): CodeIgniter\CodeIgniter->runController()
#3 /var/www/html/faleconosco/system/CodeIgniter.php(326): CodeIgniter\CodeIgniter->handleRequest()
#4 /var/www/html/faleconosco/public/index.php(37): CodeIgniter\CodeIgniter->run()
#5 {main}
CRITICAL - 2025-12-02 13:17:16 --> Undefined index: email
#0 /var/www/html/faleconosco/app/Controllers/Home.php(17): CodeIgniter\Debug\Exceptions->errorHandler()
#1 /var/www/html/faleconosco/system/CodeIgniter.php(832): App\Controllers\Home->index()
#2 /var/www/html/faleconosco/system/CodeIgniter.php(419): CodeIgniter\CodeIgniter->runController()
#3 /var/www/html/faleconosco/system/CodeIgniter.php(326): CodeIgniter\CodeIgniter->handleRequest()
#4 /var/www/html/faleconosco/public/index.php(37): CodeIgniter\CodeIgniter->run()
#5 {main}
CRITICAL - 2025-12-02 13:19:24 --> Undefined index: email
#0 /var/www/html/faleconosco/app/Controllers/Home.php(17): CodeIgniter\Debug\Exceptions->errorHandler()
#1 /var/www/html/faleconosco/system/CodeIgniter.php(832): App\Controllers\Home->index()
#2 /var/www/html/faleconosco/system/CodeIgniter.php(419): CodeIgniter\CodeIgniter->runController()
#3 /var/www/html/faleconosco/system/CodeIgniter.php(326): CodeIgniter\CodeIgniter->handleRequest()
#4 /var/www/html/faleconosco/public/index.php(37): CodeIgniter\CodeIgniter->run()
#5 {main}
CRITICAL - 2025-12-02 13:31:46 --> Undefined index: email
#0 /var/www/html/faleconosco/app/Controllers/Home.php(17): CodeIgniter\Debug\Exceptions->errorHandler()
#1 /var/www/html/faleconosco/system/CodeIgniter.php(832): App\Controllers\Home->index()
#2 /var/www/html/faleconosco/system/CodeIgniter.php(419): CodeIgniter\CodeIgniter->runController()
#3 /var/www/html/faleconosco/system/CodeIgniter.php(326): CodeIgniter\CodeIgniter->handleRequest()
#4 /var/www/html/faleconosco/public/index.php(37): CodeIgniter\CodeIgniter->run()
#5 {main}
CRITICAL - 2025-12-02 13:48:59 --> Undefined index: email
#0 /var/www/html/faleconosco/app/Controllers/Home.php(17): CodeIgniter\Debug\Exceptions->errorHandler()
#1 /var/www/html/faleconosco/system/CodeIgniter.php(832): App\Controllers\Home->index()
#2 /var/www/html/faleconosco/system/CodeIgniter.php(419): CodeIgniter\CodeIgniter->runController()
#3 /var/www/html/faleconosco/system/CodeIgniter.php(326): CodeIgniter\CodeIgniter->handleRequest()
#4 /var/www/html/faleconosco/public/index.php(37): CodeIgniter\CodeIgniter->run()
#5 {main}
CRITICAL - 2025-12-02 13:57:17 --> Undefined index: email
#0 /var/www/html/faleconosco/app/Controllers/Home.php(17): CodeIgniter\Debug\Exceptions->errorHandler()
#1 /var/www/html/faleconosco/system/CodeIgniter.php(832): App\Controllers\Home->index()
#2 /var/www/html/faleconosco/system/CodeIgniter.php(419): CodeIgniter\CodeIgniter->runController()
#3 /var/www/html/faleconosco/system/CodeIgniter.php(326): CodeIgniter\CodeIgniter->handleRequest()
#4 /var/www/html/faleconosco/public/index.php(37): CodeIgniter\CodeIgniter->run()
#5 {main}
CRITICAL - 2025-12-02 13:57:31 --> Undefined index: email
#0 /var/www/html/faleconosco/app/Controllers/Home.php(17): CodeIgniter\Debug\Exceptions->errorHandler()
#1 /var/www/html/faleconosco/system/CodeIgniter.php(832): App\Controllers\Home->index()
#2 /var/www/html/faleconosco/system/CodeIgniter.php(419): CodeIgniter\CodeIgniter->runController()
#3 /var/www/html/faleconosco/system/CodeIgniter.php(326): CodeIgniter\CodeIgniter->handleRequest()
#4 /var/www/html/faleconosco/public/index.php(37): CodeIgniter\CodeIgniter->run()
#5 {main}
CRITICAL - 2025-12-02 13:57:42 --> Undefined index: email
#0 /var/www/html/faleconosco/app/Controllers/Home.php(17): CodeIgniter\Debug\Exceptions->errorHandler()
#1 /var/www/html/faleconosco/system/CodeIgniter.php(832): App\Controllers\Home->index()
#2 /var/www/html/faleconosco/system/CodeIgniter.php(419): CodeIgniter\CodeIgniter->runController()
#3 /var/www/html/faleconosco/system/CodeIgniter.php(326): CodeIgniter\CodeIgniter->handleRequest()
#4 /var/www/html/faleconosco/public/index.php(37): CodeIgniter\CodeIgniter->run()
#5 {main}
CRITICAL - 2025-12-02 14:06:22 --> Undefined index: email
#0 /var/www/html/faleconosco/app/Controllers/Home.php(17): CodeIgniter\Debug\Exceptions->errorHandler()
#1 /var/www/html/faleconosco/system/CodeIgniter.php(832): App\Controllers\Home->index()
#2 /var/www/html/faleconosco/system/CodeIgniter.php(419): CodeIgniter\CodeIgniter->runController()
#3 /var/www/html/faleconosco/system/CodeIgniter.php(326): CodeIgniter\CodeIgniter->handleRequest()
#4 /var/www/html/faleconosco/public/index.php(37): CodeIgniter\CodeIgniter->run()
#5 {main}
CRITICAL - 2025-12-02 14:09:15 --> Undefined index: email
#0 /var/www/html/faleconosco/app/Controllers/Home.php(17): CodeIgniter\Debug\Exceptions->errorHandler()
#1 /var/www/html/faleconosco/system/CodeIgniter.php(832): App\Controllers\Home->index()
#2 /var/www/html/faleconosco/system/CodeIgniter.php(419): CodeIgniter\CodeIgniter->runController()
#3 /var/www/html/faleconosco/system/CodeIgniter.php(326): CodeIgniter\CodeIgniter->handleRequest()
#4 /var/www/html/faleconosco/public/index.php(37): CodeIgniter\CodeIgniter->run()
#5 {main}
CRITICAL - 2025-12-02 14:09:20 --> Undefined index: email
#0 /var/www/html/faleconosco/app/Controllers/Home.php(17): CodeIgniter\Debug\Exceptions->errorHandler()
#1 /var/www/html/faleconosco/system/CodeIgniter.php(832): App\Controllers\Home->index()
#2 /var/www/html/faleconosco/system/CodeIgniter.php(419): CodeIgniter\CodeIgniter->runController()
#3 /var/www/html/faleconosco/system/CodeIgniter.php(326): CodeIgniter\CodeIgniter->handleRequest()
#4 /var/www/html/faleconosco/public/index.php(37): CodeIgniter\CodeIgniter->run()
#5 {main}
CRITICAL - 2025-12-02 14:09:30 --> Undefined index: email
#0 /var/www/html/faleconosco/app/Controllers/Home.php(17): CodeIgniter\Debug\Exceptions->errorHandler()
#1 /var/www/html/faleconosco/system/CodeIgniter.php(832): App\Controllers\Home->index()
#2 /var/www/html/faleconosco/system/CodeIgniter.php(419): CodeIgniter\CodeIgniter->runController()
#3 /var/www/html/faleconosco/system/CodeIgniter.php(326): CodeIgniter\CodeIgniter->handleRequest()
#4 /var/www/html/faleconosco/public/index.php(37): CodeIgniter\CodeIgniter->run()
#5 {main}
CRITICAL - 2025-12-02 14:12:32 --> Undefined index: email
#0 /var/www/html/faleconosco/app/Controllers/Home.php(17): CodeIgniter\Debug\Exceptions->errorHandler()
#1 /var/www/html/faleconosco/system/CodeIgniter.php(832): App\Controllers\Home->index()
#2 /var/www/html/faleconosco/system/CodeIgniter.php(419): CodeIgniter\CodeIgniter->runController()
#3 /var/www/html/faleconosco/system/CodeIgniter.php(326): CodeIgniter\CodeIgniter->handleRequest()
#4 /var/www/html/faleconosco/public/index.php(37): CodeIgniter\CodeIgniter->run()
#5 {main}
CRITICAL - 2025-12-02 14:12:36 --> Undefined index: email
#0 /var/www/html/faleconosco/app/Controllers/Home.php(17): CodeIgniter\Debug\Exceptions->errorHandler()
#1 /var/www/html/faleconosco/system/CodeIgniter.php(832): App\Controllers\Home->index()
#2 /var/www/html/faleconosco/system/CodeIgniter.php(419): CodeIgniter\CodeIgniter->runController()
#3 /var/www/html/faleconosco/system/CodeIgniter.php(326): CodeIgniter\CodeIgniter->handleRequest()
#4 /var/www/html/faleconosco/public/index.php(37): CodeIgniter\CodeIgniter->run()
#5 {main}
CRITICAL - 2025-12-02 14:12:48 --> Undefined index: email
#0 /var/www/html/faleconosco/app/Controllers/Home.php(17): CodeIgniter\Debug\Exceptions->errorHandler()
#1 /var/www/html/faleconosco/system/CodeIgniter.php(832): App\Controllers\Home->index()
#2 /var/www/html/faleconosco/system/CodeIgniter.php(419): CodeIgniter\CodeIgniter->runController()
#3 /var/www/html/faleconosco/system/CodeIgniter.php(326): CodeIgniter\CodeIgniter->handleRequest()
#4 /var/www/html/faleconosco/public/index.php(37): CodeIgniter\CodeIgniter->run()
#5 {main}
CRITICAL - 2025-12-02 14:16:14 --> Undefined index: email
#0 /var/www/html/faleconosco/app/Controllers/Home.php(17): CodeIgniter\Debug\Exceptions->errorHandler()
#1 /var/www/html/faleconosco/system/CodeIgniter.php(832): App\Controllers\Home->index()
#2 /var/www/html/faleconosco/system/CodeIgniter.php(419): CodeIgniter\CodeIgniter->runController()
#3 /var/www/html/faleconosco/system/CodeIgniter.php(326): CodeIgniter\CodeIgniter->handleRequest()
#4 /var/www/html/faleconosco/public/index.php(37): CodeIgniter\CodeIgniter->run()
#5 {main}
CRITICAL - 2025-12-02 14:23:04 --> Undefined index: email
#0 /var/www/html/faleconosco/app/Controllers/Home.php(17): CodeIgniter\Debug\Exceptions->errorHandler()
#1 /var/www/html/faleconosco/system/CodeIgniter.php(832): App\Controllers\Home->index()
#2 /var/www/html/faleconosco/system/CodeIgniter.php(419): CodeIgniter\CodeIgniter->runController()
#3 /var/www/html/faleconosco/system/CodeIgniter.php(326): CodeIgniter\CodeIgniter->handleRequest()
#4 /var/www/html/faleconosco/public/index.php(37): CodeIgniter\CodeIgniter->run()
#5 {main}
CRITICAL - 2025-12-02 14:26:44 --> Undefined index: email
#0 /var/www/html/faleconosco/app/Controllers/Home.php(17): CodeIgniter\Debug\Exceptions->errorHandler()
#1 /var/www/html/faleconosco/system/CodeIgniter.php(832): App\Controllers\Home->index()
#2 /var/www/html/faleconosco/system/CodeIgniter.php(419): CodeIgniter\CodeIgniter->runController()
#3 /var/www/html/faleconosco/system/CodeIgniter.php(326): CodeIgniter\CodeIgniter->handleRequest()
#4 /var/www/html/faleconosco/public/index.php(37): CodeIgniter\CodeIgniter->run()
#5 {main}
CRITICAL - 2025-12-02 14:34:07 --> Undefined index: email
#0 /var/www/html/faleconosco/app/Controllers/Home.php(17): CodeIgniter\Debug\Exceptions->errorHandler()
#1 /var/www/html/faleconosco/system/CodeIgniter.php(832): App\Controllers\Home->index()
#2 /var/www/html/faleconosco/system/CodeIgniter.php(419): CodeIgniter\CodeIgniter->runController()
#3 /var/www/html/faleconosco/system/CodeIgniter.php(326): CodeIgniter\CodeIgniter->handleRequest()
#4 /var/www/html/faleconosco/public/index.php(37): CodeIgniter\CodeIgniter->run()
#5 {main}
CRITICAL - 2025-12-02 14:35:49 --> Undefined index: email
#0 /var/www/html/faleconosco/app/Controllers/Home.php(17): CodeIgniter\Debug\Exceptions->errorHandler()
#1 /var/www/html/faleconosco/system/CodeIgniter.php(832): App\Controllers\Home->index()
#2 /var/www/html/faleconosco/system/CodeIgniter.php(419): CodeIgniter\CodeIgniter->runController()
#3 /var/www/html/faleconosco/system/CodeIgniter.php(326): CodeIgniter\CodeIgniter->handleRequest()
#4 /var/www/html/faleconosco/public/index.php(37): CodeIgniter\CodeIgniter->run()
#5 {main}
CRITICAL - 2025-12-02 14:35:50 --> Undefined index: email
#0 /var/www/html/faleconosco/app/Controllers/Home.php(17): CodeIgniter\Debug\Exceptions->errorHandler()
#1 /var/www/html/faleconosco/system/CodeIgniter.php(832): App\Controllers\Home->index()
#2 /var/www/html/faleconosco/system/CodeIgniter.php(419): CodeIgniter\CodeIgniter->runController()
#3 /var/www/html/faleconosco/system/CodeIgniter.php(326): CodeIgniter\CodeIgniter->handleRequest()
#4 /var/www/html/faleconosco/public/index.php(37): CodeIgniter\CodeIgniter->run()
#5 {main}
CRITICAL - 2025-12-02 14:36:13 --> Undefined index: email
#0 /var/www/html/faleconosco/app/Controllers/Home.php(17): CodeIgniter\Debug\Exceptions->errorHandler()
#1 /var/www/html/faleconosco/system/CodeIgniter.php(832): App\Controllers\Home->index()
#2 /var/www/html/faleconosco/system/CodeIgniter.php(419): CodeIgniter\CodeIgniter->runController()
#3 /var/www/html/faleconosco/system/CodeIgniter.php(326): CodeIgniter\CodeIgniter->handleRequest()
#4 /var/www/html/faleconosco/public/index.php(37): CodeIgniter\CodeIgniter->run()
#5 {main}
CRITICAL - 2025-12-02 14:39:55 --> Undefined index: email
#0 /var/www/html/faleconosco/app/Controllers/Home.php(17): CodeIgniter\Debug\Exceptions->errorHandler()
#1 /var/www/html/faleconosco/system/CodeIgniter.php(832): App\Controllers\Home->index()
#2 /var/www/html/faleconosco/system/CodeIgniter.php(419): CodeIgniter\CodeIgniter->runController()
#3 /var/www/html/faleconosco/system/CodeIgniter.php(326): CodeIgniter\CodeIgniter->handleRequest()
#4 /var/www/html/faleconosco/public/index.php(37): CodeIgniter\CodeIgniter->run()
#5 {main}
CRITICAL - 2025-12-02 14:39:59 --> Undefined index: email
#0 /var/www/html/faleconosco/app/Controllers/Home.php(17): CodeIgniter\Debug\Exceptions->errorHandler()
#1 /var/www/html/faleconosco/system/CodeIgniter.php(832): App\Controllers\Home->index()
#2 /var/www/html/faleconosco/system/CodeIgniter.php(419): CodeIgniter\CodeIgniter->runController()
#3 /var/www/html/faleconosco/system/CodeIgniter.php(326): CodeIgniter\CodeIgniter->handleRequest()
#4 /var/www/html/faleconosco/public/index.php(37): CodeIgniter\CodeIgniter->run()
#5 {main}
CRITICAL - 2025-12-02 14:40:14 --> Undefined index: email
#0 /var/www/html/faleconosco/app/Controllers/Home.php(17): CodeIgniter\Debug\Exceptions->errorHandler()
#1 /var/www/html/faleconosco/system/CodeIgniter.php(832): App\Controllers\Home->index()
#2 /var/www/html/faleconosco/system/CodeIgniter.php(419): CodeIgniter\CodeIgniter->runController()
#3 /var/www/html/faleconosco/system/CodeIgniter.php(326): CodeIgniter\CodeIgniter->handleRequest()
#4 /var/www/html/faleconosco/public/index.php(37): CodeIgniter\CodeIgniter->run()
#5 {main}
CRITICAL - 2025-12-02 14:40:17 --> Undefined index: email
#0 /var/www/html/faleconosco/app/Controllers/Home.php(17): CodeIgniter\Debug\Exceptions->errorHandler()
#1 /var/www/html/faleconosco/system/CodeIgniter.php(832): App\Controllers\Home->index()
#2 /var/www/html/faleconosco/system/CodeIgniter.php(419): CodeIgniter\CodeIgniter->runController()
#3 /var/www/html/faleconosco/system/CodeIgniter.php(326): CodeIgniter\CodeIgniter->handleRequest()
#4 /var/www/html/faleconosco/public/index.php(37): CodeIgniter\CodeIgniter->run()
#5 {main}
CRITICAL - 2025-12-02 14:41:55 --> Undefined index: email
#0 /var/www/html/faleconosco/app/Controllers/Home.php(17): CodeIgniter\Debug\Exceptions->errorHandler()
#1 /var/www/html/faleconosco/system/CodeIgniter.php(832): App\Controllers\Home->index()
#2 /var/www/html/faleconosco/system/CodeIgniter.php(419): CodeIgniter\CodeIgniter->runController()
#3 /var/www/html/faleconosco/system/CodeIgniter.php(326): CodeIgniter\CodeIgniter->handleRequest()
#4 /var/www/html/faleconosco/public/index.php(37): CodeIgniter\CodeIgniter->run()
#5 {main}
CRITICAL - 2025-12-02 14:41:57 --> Undefined index: email
#0 /var/www/html/faleconosco/app/Controllers/Home.php(17): CodeIgniter\Debug\Exceptions->errorHandler()
#1 /var/www/html/faleconosco/system/CodeIgniter.php(832): App\Controllers\Home->index()
#2 /var/www/html/faleconosco/system/CodeIgniter.php(419): CodeIgniter\CodeIgniter->runController()
#3 /var/www/html/faleconosco/system/CodeIgniter.php(326): CodeIgniter\CodeIgniter->handleRequest()
#4 /var/www/html/faleconosco/public/index.php(37): CodeIgniter\CodeIgniter->run()
#5 {main}
CRITICAL - 2025-12-02 14:51:46 --> Undefined index: email
#0 /var/www/html/faleconosco/app/Controllers/Home.php(17): CodeIgniter\Debug\Exceptions->errorHandler()
#1 /var/www/html/faleconosco/system/CodeIgniter.php(832): App\Controllers\Home->index()
#2 /var/www/html/faleconosco/system/CodeIgniter.php(419): CodeIgniter\CodeIgniter->runController()
#3 /var/www/html/faleconosco/system/CodeIgniter.php(326): CodeIgniter\CodeIgniter->handleRequest()
#4 /var/www/html/faleconosco/public/index.php(37): CodeIgniter\CodeIgniter->run()
#5 {main}
CRITICAL - 2025-12-02 14:51:55 --> Undefined index: email
#0 /var/www/html/faleconosco/app/Controllers/Home.php(17): CodeIgniter\Debug\Exceptions->errorHandler()
#1 /var/www/html/faleconosco/system/CodeIgniter.php(832): App\Controllers\Home->index()
#2 /var/www/html/faleconosco/system/CodeIgniter.php(419): CodeIgniter\CodeIgniter->runController()
#3 /var/www/html/faleconosco/system/CodeIgniter.php(326): CodeIgniter\CodeIgniter->handleRequest()
#4 /var/www/html/faleconosco/public/index.php(37): CodeIgniter\CodeIgniter->run()
#5 {main}
CRITICAL - 2025-12-02 14:55:58 --> Undefined index: email
#0 /var/www/html/faleconosco/app/Controllers/Home.php(17): CodeIgniter\Debug\Exceptions->errorHandler()
#1 /var/www/html/faleconosco/system/CodeIgniter.php(832): App\Controllers\Home->index()
#2 /var/www/html/faleconosco/system/CodeIgniter.php(419): CodeIgniter\CodeIgniter->runController()
#3 /var/www/html/faleconosco/system/CodeIgniter.php(326): CodeIgniter\CodeIgniter->handleRequest()
#4 /var/www/html/faleconosco/public/index.php(37): CodeIgniter\CodeIgniter->run()
#5 {main}
CRITICAL - 2025-12-02 15:01:34 --> Undefined index: email
#0 /var/www/html/faleconosco/app/Controllers/Home.php(17): CodeIgniter\Debug\Exceptions->errorHandler()
#1 /var/www/html/faleconosco/system/CodeIgniter.php(832): App\Controllers\Home->index()
#2 /var/www/html/faleconosco/system/CodeIgniter.php(419): CodeIgniter\CodeIgniter->runController()
#3 /var/www/html/faleconosco/system/CodeIgniter.php(326): CodeIgniter\CodeIgniter->handleRequest()
#4 /var/www/html/faleconosco/public/index.php(37): CodeIgniter\CodeIgniter->run()
#5 {main}
CRITICAL - 2025-12-02 15:03:58 --> Undefined index: email
#0 /var/www/html/faleconosco/app/Controllers/Home.php(17): CodeIgniter\Debug\Exceptions->errorHandler()
#1 /var/www/html/faleconosco/system/CodeIgniter.php(832): App\Controllers\Home->index()
#2 /var/www/html/faleconosco/system/CodeIgniter.php(419): CodeIgniter\CodeIgniter->runController()
#3 /var/www/html/faleconosco/system/CodeIgniter.php(326): CodeIgniter\CodeIgniter->handleRequest()
#4 /var/www/html/faleconosco/public/index.php(37): CodeIgniter\CodeIgniter->run()
#5 {main}
CRITICAL - 2025-12-02 15:04:37 --> Undefined index: email
#0 /var/www/html/faleconosco/app/Controllers/Home.php(17): CodeIgniter\Debug\Exceptions->errorHandler()
#1 /var/www/html/faleconosco/system/CodeIgniter.php(832): App\Controllers\Home->index()
#2 /var/www/html/faleconosco/system/CodeIgniter.php(419): CodeIgniter\CodeIgniter->runController()
#3 /var/www/html/faleconosco/system/CodeIgniter.php(326): CodeIgniter\CodeIgniter->handleRequest()
#4 /var/www/html/faleconosco/public/index.php(37): CodeIgniter\CodeIgniter->run()
#5 {main}
CRITICAL - 2025-12-02 15:16:20 --> Undefined index: email
#0 /var/www/html/faleconosco/app/Controllers/Home.php(17): CodeIgniter\Debug\Exceptions->errorHandler()
#1 /var/www/html/faleconosco/system/CodeIgniter.php(832): App\Controllers\Home->index()
#2 /var/www/html/faleconosco/system/CodeIgniter.php(419): CodeIgniter\CodeIgniter->runController()
#3 /var/www/html/faleconosco/system/CodeIgniter.php(326): CodeIgniter\CodeIgniter->handleRequest()
#4 /var/www/html/faleconosco/public/index.php(37): CodeIgniter\CodeIgniter->run()
#5 {main}
CRITICAL - 2025-12-02 15:16:41 --> Undefined index: email
#0 /var/www/html/faleconosco/app/Controllers/Home.php(17): CodeIgniter\Debug\Exceptions->errorHandler()
#1 /var/www/html/faleconosco/system/CodeIgniter.php(832): App\Controllers\Home->index()
#2 /var/www/html/faleconosco/system/CodeIgniter.php(419): CodeIgniter\CodeIgniter->runController()
#3 /var/www/html/faleconosco/system/CodeIgniter.php(326): CodeIgniter\CodeIgniter->handleRequest()
#4 /var/www/html/faleconosco/public/index.php(37): CodeIgniter\CodeIgniter->run()
#5 {main}
CRITICAL - 2025-12-02 15:19:41 --> Undefined index: email
#0 /var/www/html/faleconosco/app/Controllers/Home.php(17): CodeIgniter\Debug\Exceptions->errorHandler()
#1 /var/www/html/faleconosco/system/CodeIgniter.php(832): App\Controllers\Home->index()
#2 /var/www/html/faleconosco/system/CodeIgniter.php(419): CodeIgniter\CodeIgniter->runController()
#3 /var/www/html/faleconosco/system/CodeIgniter.php(326): CodeIgniter\CodeIgniter->handleRequest()
#4 /var/www/html/faleconosco/public/index.php(37): CodeIgniter\CodeIgniter->run()
#5 {main}
CRITICAL - 2025-12-02 15:53:52 --> Undefined index: email
#0 /var/www/html/faleconosco/app/Controllers/Home.php(17): CodeIgniter\Debug\Exceptions->errorHandler()
#1 /var/www/html/faleconosco/system/CodeIgniter.php(832): App\Controllers\Home->index()
#2 /var/www/html/faleconosco/system/CodeIgniter.php(419): CodeIgniter\CodeIgniter->runController()
#3 /var/www/html/faleconosco/system/CodeIgniter.php(326): CodeIgniter\CodeIgniter->handleRequest()
#4 /var/www/html/faleconosco/public/index.php(37): CodeIgniter\CodeIgniter->run()
#5 {main}
CRITICAL - 2025-12-02 16:26:23 --> Undefined index: email
#0 /var/www/html/faleconosco/app/Controllers/Home.php(17): CodeIgniter\Debug\Exceptions->errorHandler()
#1 /var/www/html/faleconosco/system/CodeIgniter.php(832): App\Controllers\Home->index()
#2 /var/www/html/faleconosco/system/CodeIgniter.php(419): CodeIgniter\CodeIgniter->runController()
#3 /var/www/html/faleconosco/system/CodeIgniter.php(326): CodeIgniter\CodeIgniter->handleRequest()
#4 /var/www/html/faleconosco/public/index.php(37): CodeIgniter\CodeIgniter->run()
#5 {main}
CRITICAL - 2025-12-02 16:30:17 --> Undefined index: email
#0 /var/www/html/faleconosco/app/Controllers/Home.php(17): CodeIgniter\Debug\Exceptions->errorHandler()
#1 /var/www/html/faleconosco/system/CodeIgniter.php(832): App\Controllers\Home->index()
#2 /var/www/html/faleconosco/system/CodeIgniter.php(419): CodeIgniter\CodeIgniter->runController()
#3 /var/www/html/faleconosco/system/CodeIgniter.php(326): CodeIgniter\CodeIgniter->handleRequest()
#4 /var/www/html/faleconosco/public/index.php(37): CodeIgniter\CodeIgniter->run()
#5 {main}
CRITICAL - 2025-12-02 16:38:20 --> Undefined index: email
#0 /var/www/html/faleconosco/app/Controllers/Home.php(17): CodeIgniter\Debug\Exceptions->errorHandler()
#1 /var/www/html/faleconosco/system/CodeIgniter.php(832): App\Controllers\Home->index()
#2 /var/www/html/faleconosco/system/CodeIgniter.php(419): CodeIgniter\CodeIgniter->runController()
#3 /var/www/html/faleconosco/system/CodeIgniter.php(326): CodeIgniter\CodeIgniter->handleRequest()
#4 /var/www/html/faleconosco/public/index.php(37): CodeIgniter\CodeIgniter->run()
#5 {main}
CRITICAL - 2025-12-02 16:44:32 --> Undefined index: email
#0 /var/www/html/faleconosco/app/Controllers/Home.php(17): CodeIgniter\Debug\Exceptions->errorHandler()
#1 /var/www/html/faleconosco/system/CodeIgniter.php(832): App\Controllers\Home->index()
#2 /var/www/html/faleconosco/system/CodeIgniter.php(419): CodeIgniter\CodeIgniter->runController()
#3 /var/www/html/faleconosco/system/CodeIgniter.php(326): CodeIgniter\CodeIgniter->handleRequest()
#4 /var/www/html/faleconosco/public/index.php(37): CodeIgniter\CodeIgniter->run()
#5 {main}
CRITICAL - 2025-12-02 16:44:52 --> Undefined index: email
#0 /var/www/html/faleconosco/app/Controllers/Home.php(17): CodeIgniter\Debug\Exceptions->errorHandler()
#1 /var/www/html/faleconosco/system/CodeIgniter.php(832): App\Controllers\Home->index()
#2 /var/www/html/faleconosco/system/CodeIgniter.php(419): CodeIgniter\CodeIgniter->runController()
#3 /var/www/html/faleconosco/system/CodeIgniter.php(326): CodeIgniter\CodeIgniter->handleRequest()
#4 /var/www/html/faleconosco/public/index.php(37): CodeIgniter\CodeIgniter->run()
#5 {main}
CRITICAL - 2025-12-02 17:11:19 --> Undefined index: email
#0 /var/www/html/faleconosco/app/Controllers/Home.php(17): CodeIgniter\Debug\Exceptions->errorHandler()
#1 /var/www/html/faleconosco/system/CodeIgniter.php(832): App\Controllers\Home->index()
#2 /var/www/html/faleconosco/system/CodeIgniter.php(419): CodeIgniter\CodeIgniter->runController()
#3 /var/www/html/faleconosco/system/CodeIgniter.php(326): CodeIgniter\CodeIgniter->handleRequest()
#4 /var/www/html/faleconosco/public/index.php(37): CodeIgniter\CodeIgniter->run()
#5 {main}
CRITICAL - 2025-12-02 17:24:35 --> Undefined index: email
#0 /var/www/html/faleconosco/app/Controllers/Home.php(17): CodeIgniter\Debug\Exceptions->errorHandler()
#1 /var/www/html/faleconosco/system/CodeIgniter.php(832): App\Controllers\Home->index()
#2 /var/www/html/faleconosco/system/CodeIgniter.php(419): CodeIgniter\CodeIgniter->runController()
#3 /var/www/html/faleconosco/system/CodeIgniter.php(326): CodeIgniter\CodeIgniter->handleRequest()
#4 /var/www/html/faleconosco/public/index.php(37): CodeIgniter\CodeIgniter->run()
#5 {main}
CRITICAL - 2025-12-02 17:24:52 --> Undefined index: email
#0 /var/www/html/faleconosco/app/Controllers/Home.php(17): CodeIgniter\Debug\Exceptions->errorHandler()
#1 /var/www/html/faleconosco/system/CodeIgniter.php(832): App\Controllers\Home->index()
#2 /var/www/html/faleconosco/system/CodeIgniter.php(419): CodeIgniter\CodeIgniter->runController()
#3 /var/www/html/faleconosco/system/CodeIgniter.php(326): CodeIgniter\CodeIgniter->handleRequest()
#4 /var/www/html/faleconosco/public/index.php(37): CodeIgniter\CodeIgniter->run()
#5 {main}
CRITICAL - 2025-12-02 17:26:30 --> Undefined index: email
#0 /var/www/html/faleconosco/app/Controllers/Home.php(17): CodeIgniter\Debug\Exceptions->errorHandler()
#1 /var/www/html/faleconosco/system/CodeIgniter.php(832): App\Controllers\Home->index()
#2 /var/www/html/faleconosco/system/CodeIgniter.php(419): CodeIgniter\CodeIgniter->runController()
#3 /var/www/html/faleconosco/system/CodeIgniter.php(326): CodeIgniter\CodeIgniter->handleRequest()
#4 /var/www/html/faleconosco/public/index.php(37): CodeIgniter\CodeIgniter->run()
#5 {main}
CRITICAL - 2025-12-02 17:42:26 --> Undefined index: email
#0 /var/www/html/faleconosco/app/Controllers/Home.php(17): CodeIgniter\Debug\Exceptions->errorHandler()
#1 /var/www/html/faleconosco/system/CodeIgniter.php(832): App\Controllers\Home->index()
#2 /var/www/html/faleconosco/system/CodeIgniter.php(419): CodeIgniter\CodeIgniter->runController()
#3 /var/www/html/faleconosco/system/CodeIgniter.php(326): CodeIgniter\CodeIgniter->handleRequest()
#4 /var/www/html/faleconosco/public/index.php(37): CodeIgniter\CodeIgniter->run()
#5 {main}
CRITICAL - 2025-12-02 18:03:39 --> Undefined index: email
#0 /var/www/html/faleconosco/app/Controllers/Home.php(17): CodeIgniter\Debug\Exceptions->errorHandler()
#1 /var/www/html/faleconosco/system/CodeIgniter.php(832): App\Controllers\Home->index()
#2 /var/www/html/faleconosco/system/CodeIgniter.php(419): CodeIgniter\CodeIgniter->runController()
#3 /var/www/html/faleconosco/system/CodeIgniter.php(326): CodeIgniter\CodeIgniter->handleRequest()
#4 /var/www/html/faleconosco/public/index.php(37): CodeIgniter\CodeIgniter->run()
#5 {main}
CRITICAL - 2025-12-02 18:04:58 --> Undefined index: email
#0 /var/www/html/faleconosco/app/Controllers/Home.php(17): CodeIgniter\Debug\Exceptions->errorHandler()
#1 /var/www/html/faleconosco/system/CodeIgniter.php(832): App\Controllers\Home->index()
#2 /var/www/html/faleconosco/system/CodeIgniter.php(419): CodeIgniter\CodeIgniter->runController()
#3 /var/www/html/faleconosco/system/CodeIgniter.php(326): CodeIgniter\CodeIgniter->handleRequest()
#4 /var/www/html/faleconosco/public/index.php(37): CodeIgniter\CodeIgniter->run()
#5 {main}
CRITICAL - 2025-12-02 18:07:07 --> Undefined index: email
#0 /var/www/html/faleconosco/app/Controllers/Home.php(17): CodeIgniter\Debug\Exceptions->errorHandler()
#1 /var/www/html/faleconosco/system/CodeIgniter.php(832): App\Controllers\Home->index()
#2 /var/www/html/faleconosco/system/CodeIgniter.php(419): CodeIgniter\CodeIgniter->runController()
#3 /var/www/html/faleconosco/system/CodeIgniter.php(326): CodeIgniter\CodeIgniter->handleRequest()
#4 /var/www/html/faleconosco/public/index.php(37): CodeIgniter\CodeIgniter->run()
#5 {main}
CRITICAL - 2025-12-02 18:09:13 --> Undefined index: email
#0 /var/www/html/faleconosco/app/Controllers/Home.php(17): CodeIgniter\Debug\Exceptions->errorHandler()
#1 /var/www/html/faleconosco/system/CodeIgniter.php(832): App\Controllers\Home->index()
#2 /var/www/html/faleconosco/system/CodeIgniter.php(419): CodeIgniter\CodeIgniter->runController()
#3 /var/www/html/faleconosco/system/CodeIgniter.php(326): CodeIgniter\CodeIgniter->handleRequest()
#4 /var/www/html/faleconosco/public/index.php(37): CodeIgniter\CodeIgniter->run()
#5 {main}
CRITICAL - 2025-12-02 18:15:12 --> Undefined index: email
#0 /var/www/html/faleconosco/app/Controllers/Home.php(17): CodeIgniter\Debug\Exceptions->errorHandler()
#1 /var/www/html/faleconosco/system/CodeIgniter.php(832): App\Controllers\Home->index()
#2 /var/www/html/faleconosco/system/CodeIgniter.php(419): CodeIgniter\CodeIgniter->runController()
#3 /var/www/html/faleconosco/system/CodeIgniter.php(326): CodeIgniter\CodeIgniter->handleRequest()
#4 /var/www/html/faleconosco/public/index.php(37): CodeIgniter\CodeIgniter->run()
#5 {main}
CRITICAL - 2025-12-02 18:17:30 --> Undefined index: email
#0 /var/www/html/faleconosco/app/Controllers/Home.php(17): CodeIgniter\Debug\Exceptions->errorHandler()
#1 /var/www/html/faleconosco/system/CodeIgniter.php(832): App\Controllers\Home->index()
#2 /var/www/html/faleconosco/system/CodeIgniter.php(419): CodeIgniter\CodeIgniter->runController()
#3 /var/www/html/faleconosco/system/CodeIgniter.php(326): CodeIgniter\CodeIgniter->handleRequest()
#4 /var/www/html/faleconosco/public/index.php(37): CodeIgniter\CodeIgniter->run()
#5 {main}
CRITICAL - 2025-12-02 18:20:36 --> Undefined index: email
#0 /var/www/html/faleconosco/app/Controllers/Home.php(17): CodeIgniter\Debug\Exceptions->errorHandler()
#1 /var/www/html/faleconosco/system/CodeIgniter.php(832): App\Controllers\Home->index()
#2 /var/www/html/faleconosco/system/CodeIgniter.php(419): CodeIgniter\CodeIgniter->runController()
#3 /var/www/html/faleconosco/system/CodeIgniter.php(326): CodeIgniter\CodeIgniter->handleRequest()
#4 /var/www/html/faleconosco/public/index.php(37): CodeIgniter\CodeIgniter->run()
#5 {main}
CRITICAL - 2025-12-02 18:20:40 --> Undefined index: email
#0 /var/www/html/faleconosco/app/Controllers/Home.php(17): CodeIgniter\Debug\Exceptions->errorHandler()
#1 /var/www/html/faleconosco/system/CodeIgniter.php(832): App\Controllers\Home->index()
#2 /var/www/html/faleconosco/system/CodeIgniter.php(419): CodeIgniter\CodeIgniter->runController()
#3 /var/www/html/faleconosco/system/CodeIgniter.php(326): CodeIgniter\CodeIgniter->handleRequest()
#4 /var/www/html/faleconosco/public/index.php(37): CodeIgniter\CodeIgniter->run()
#5 {main}
CRITICAL - 2025-12-02 18:49:08 --> Undefined index: email
#0 /var/www/html/faleconosco/app/Controllers/Home.php(17): CodeIgniter\Debug\Exceptions->errorHandler()
#1 /var/www/html/faleconosco/system/CodeIgniter.php(832): App\Controllers\Home->index()
#2 /var/www/html/faleconosco/system/CodeIgniter.php(419): CodeIgniter\CodeIgniter->runController()
#3 /var/www/html/faleconosco/system/CodeIgniter.php(326): CodeIgniter\CodeIgniter->handleRequest()
#4 /var/www/html/faleconosco/public/index.php(37): CodeIgniter\CodeIgniter->run()
#5 {main}
CRITICAL - 2025-12-02 19:08:01 --> Undefined index: email
#0 /var/www/html/faleconosco/app/Controllers/Home.php(17): CodeIgniter\Debug\Exceptions->errorHandler()
#1 /var/www/html/faleconosco/system/CodeIgniter.php(832): App\Controllers\Home->index()
#2 /var/www/html/faleconosco/system/CodeIgniter.php(419): CodeIgniter\CodeIgniter->runController()
#3 /var/www/html/faleconosco/system/CodeIgniter.php(326): CodeIgniter\CodeIgniter->handleRequest()
#4 /var/www/html/faleconosco/public/index.php(37): CodeIgniter\CodeIgniter->run()
#5 {main}
CRITICAL - 2025-12-02 19:42:03 --> Undefined index: email
#0 /var/www/html/faleconosco/app/Controllers/Home.php(17): CodeIgniter\Debug\Exceptions->errorHandler()
#1 /var/www/html/faleconosco/system/CodeIgniter.php(832): App\Controllers\Home->index()
#2 /var/www/html/faleconosco/system/CodeIgniter.php(419): CodeIgniter\CodeIgniter->runController()
#3 /var/www/html/faleconosco/system/CodeIgniter.php(326): CodeIgniter\CodeIgniter->handleRequest()
#4 /var/www/html/faleconosco/public/index.php(37): CodeIgniter\CodeIgniter->run()
#5 {main}
CRITICAL - 2025-12-02 19:43:59 --> Undefined index: email
#0 /var/www/html/faleconosco/app/Controllers/Home.php(17): CodeIgniter\Debug\Exceptions->errorHandler()
#1 /var/www/html/faleconosco/system/CodeIgniter.php(832): App\Controllers\Home->index()
#2 /var/www/html/faleconosco/system/CodeIgniter.php(419): CodeIgniter\CodeIgniter->runController()
#3 /var/www/html/faleconosco/system/CodeIgniter.php(326): CodeIgniter\CodeIgniter->handleRequest()
#4 /var/www/html/faleconosco/public/index.php(37): CodeIgniter\CodeIgniter->run()
#5 {main}
CRITICAL - 2025-12-02 19:45:43 --> Undefined index: email
#0 /var/www/html/faleconosco/app/Controllers/Home.php(17): CodeIgniter\Debug\Exceptions->errorHandler()
#1 /var/www/html/faleconosco/system/CodeIgniter.php(832): App\Controllers\Home->index()
#2 /var/www/html/faleconosco/system/CodeIgniter.php(419): CodeIgniter\CodeIgniter->runController()
#3 /var/www/html/faleconosco/system/CodeIgniter.php(326): CodeIgniter\CodeIgniter->handleRequest()
#4 /var/www/html/faleconosco/public/index.php(37): CodeIgniter\CodeIgniter->run()
#5 {main}
CRITICAL - 2025-12-02 19:55:12 --> Undefined index: email
#0 /var/www/html/faleconosco/app/Controllers/Home.php(17): CodeIgniter\Debug\Exceptions->errorHandler()
#1 /var/www/html/faleconosco/system/CodeIgniter.php(832): App\Controllers\Home->index()
#2 /var/www/html/faleconosco/system/CodeIgniter.php(419): CodeIgniter\CodeIgniter->runController()
#3 /var/www/html/faleconosco/system/CodeIgniter.php(326): CodeIgniter\CodeIgniter->handleRequest()
#4 /var/www/html/faleconosco/public/index.php(37): CodeIgniter\CodeIgniter->run()
#5 {main}
CRITICAL - 2025-12-02 19:57:01 --> Undefined index: email
#0 /var/www/html/faleconosco/app/Controllers/Home.php(17): CodeIgniter\Debug\Exceptions->errorHandler()
#1 /var/www/html/faleconosco/system/CodeIgniter.php(832): App\Controllers\Home->index()
#2 /var/www/html/faleconosco/system/CodeIgniter.php(419): CodeIgniter\CodeIgniter->runController()
#3 /var/www/html/faleconosco/system/CodeIgniter.php(326): CodeIgniter\CodeIgniter->handleRequest()
#4 /var/www/html/faleconosco/public/index.php(37): CodeIgniter\CodeIgniter->run()
#5 {main}
CRITICAL - 2025-12-02 20:02:20 --> Undefined index: email
#0 /var/www/html/faleconosco/app/Controllers/Home.php(17): CodeIgniter\Debug\Exceptions->errorHandler()
#1 /var/www/html/faleconosco/system/CodeIgniter.php(832): App\Controllers\Home->index()
#2 /var/www/html/faleconosco/system/CodeIgniter.php(419): CodeIgniter\CodeIgniter->runController()
#3 /var/www/html/faleconosco/system/CodeIgniter.php(326): CodeIgniter\CodeIgniter->handleRequest()
#4 /var/www/html/faleconosco/public/index.php(37): CodeIgniter\CodeIgniter->run()
#5 {main}
CRITICAL - 2025-12-02 20:05:16 --> Undefined index: email
#0 /var/www/html/faleconosco/app/Controllers/Home.php(17): CodeIgniter\Debug\Exceptions->errorHandler()
#1 /var/www/html/faleconosco/system/CodeIgniter.php(832): App\Controllers\Home->index()
#2 /var/www/html/faleconosco/system/CodeIgniter.php(419): CodeIgniter\CodeIgniter->runController()
#3 /var/www/html/faleconosco/system/CodeIgniter.php(326): CodeIgniter\CodeIgniter->handleRequest()
#4 /var/www/html/faleconosco/public/index.php(37): CodeIgniter\CodeIgniter->run()
#5 {main}
CRITICAL - 2025-12-02 20:11:56 --> Undefined index: email
#0 /var/www/html/faleconosco/app/Controllers/Home.php(17): CodeIgniter\Debug\Exceptions->errorHandler()
#1 /var/www/html/faleconosco/system/CodeIgniter.php(832): App\Controllers\Home->index()
#2 /var/www/html/faleconosco/system/CodeIgniter.php(419): CodeIgniter\CodeIgniter->runController()
#3 /var/www/html/faleconosco/system/CodeIgniter.php(326): CodeIgniter\CodeIgniter->handleRequest()
#4 /var/www/html/faleconosco/public/index.php(37): CodeIgniter\CodeIgniter->run()
#5 {main}
CRITICAL - 2025-12-02 21:10:14 --> Undefined index: email
#0 /var/www/html/faleconosco/app/Controllers/Home.php(17): CodeIgniter\Debug\Exceptions->errorHandler()
#1 /var/www/html/faleconosco/system/CodeIgniter.php(832): App\Controllers\Home->index()
#2 /var/www/html/faleconosco/system/CodeIgniter.php(419): CodeIgniter\CodeIgniter->runController()
#3 /var/www/html/faleconosco/system/CodeIgniter.php(326): CodeIgniter\CodeIgniter->handleRequest()
#4 /var/www/html/faleconosco/public/index.php(37): CodeIgniter\CodeIgniter->run()
#5 {main}
CRITICAL - 2025-12-02 21:22:06 --> Undefined index: email
#0 /var/www/html/faleconosco/app/Controllers/Home.php(17): CodeIgniter\Debug\Exceptions->errorHandler()
#1 /var/www/html/faleconosco/system/CodeIgniter.php(832): App\Controllers\Home->index()
#2 /var/www/html/faleconosco/system/CodeIgniter.php(419): CodeIgniter\CodeIgniter->runController()
#3 /var/www/html/faleconosco/system/CodeIgniter.php(326): CodeIgniter\CodeIgniter->handleRequest()
#4 /var/www/html/faleconosco/public/index.php(37): CodeIgniter\CodeIgniter->run()
#5 {main}
CRITICAL - 2025-12-02 21:36:57 --> Undefined index: email
#0 /var/www/html/faleconosco/app/Controllers/Home.php(17): CodeIgniter\Debug\Exceptions->errorHandler()
#1 /var/www/html/faleconosco/system/CodeIgniter.php(832): App\Controllers\Home->index()
#2 /var/www/html/faleconosco/system/CodeIgniter.php(419): CodeIgniter\CodeIgniter->runController()
#3 /var/www/html/faleconosco/system/CodeIgniter.php(326): CodeIgniter\CodeIgniter->handleRequest()
#4 /var/www/html/faleconosco/public/index.php(37): CodeIgniter\CodeIgniter->run()
#5 {main}
CRITICAL - 2025-12-02 21:50:31 --> Undefined index: email
#0 /var/www/html/faleconosco/app/Controllers/Home.php(17): CodeIgniter\Debug\Exceptions->errorHandler()
#1 /var/www/html/faleconosco/system/CodeIgniter.php(832): App\Controllers\Home->index()
#2 /var/www/html/faleconosco/system/CodeIgniter.php(419): CodeIgniter\CodeIgniter->runController()
#3 /var/www/html/faleconosco/system/CodeIgniter.php(326): CodeIgniter\CodeIgniter->handleRequest()
#4 /var/www/html/faleconosco/public/index.php(37): CodeIgniter\CodeIgniter->run()
#5 {main}
CRITICAL - 2025-12-02 21:50:37 --> Undefined index: email
#0 /var/www/html/faleconosco/app/Controllers/Home.php(17): CodeIgniter\Debug\Exceptions->errorHandler()
#1 /var/www/html/faleconosco/system/CodeIgniter.php(832): App\Controllers\Home->index()
#2 /var/www/html/faleconosco/system/CodeIgniter.php(419): CodeIgniter\CodeIgniter->runController()
#3 /var/www/html/faleconosco/system/CodeIgniter.php(326): CodeIgniter\CodeIgniter->handleRequest()
#4 /var/www/html/faleconosco/public/index.php(37): CodeIgniter\CodeIgniter->run()
#5 {main}
CRITICAL - 2025-12-02 23:17:30 --> Undefined index: email
#0 /var/www/html/faleconosco/app/Controllers/Home.php(17): CodeIgniter\Debug\Exceptions->errorHandler()
#1 /var/www/html/faleconosco/system/CodeIgniter.php(832): App\Controllers\Home->index()
#2 /var/www/html/faleconosco/system/CodeIgniter.php(419): CodeIgniter\CodeIgniter->runController()
#3 /var/www/html/faleconosco/system/CodeIgniter.php(326): CodeIgniter\CodeIgniter->handleRequest()
#4 /var/www/html/faleconosco/public/index.php(37): CodeIgniter\CodeIgniter->run()
#5 {main}
